Component: Arm Compiler for Embedded 6.19 Tool: armlink [5e73cb00]

==============================================================================

Section Cross References

    startup_stm32f103xb.o(STACK) refers (Special) to heapauxi.o(.text) for __use_two_region_memory
    startup_stm32f103xb.o(HEAP) refers (Special) to heapauxi.o(.text) for __use_two_region_memory
    startup_stm32f103xb.o(RESET) refers (Special) to heapauxi.o(.text) for __use_two_region_memory
    startup_stm32f103xb.o(RESET) refers to startup_stm32f103xb.o(STACK) for __initial_sp
    startup_stm32f103xb.o(RESET) refers to startup_stm32f103xb.o(.text) for Reset_Handler
    startup_stm32f103xb.o(RESET) refers to stm32f1xx_it.o(.text.NMI_Handler) for NMI_Handler
    startup_stm32f103xb.o(RESET) refers to stm32f1xx_it.o(.text.HardFault_Handler) for HardFault_Handler
    startup_stm32f103xb.o(RESET) refers to stm32f1xx_it.o(.text.MemManage_Handler) for MemManage_Handler
    startup_stm32f103xb.o(RESET) refers to stm32f1xx_it.o(.text.BusFault_Handler) for BusFault_Handler
    startup_stm32f103xb.o(RESET) refers to stm32f1xx_it.o(.text.UsageFault_Handler) for UsageFault_Handler
    startup_stm32f103xb.o(RESET) refers to stm32f1xx_it.o(.text.SVC_Handler) for SVC_Handler
    startup_stm32f103xb.o(RESET) refers to stm32f1xx_it.o(.text.DebugMon_Handler) for DebugMon_Handler
    startup_stm32f103xb.o(RESET) refers to stm32f1xx_it.o(.text.PendSV_Handler) for PendSV_Handler
    startup_stm32f103xb.o(RESET) refers to stm32f1xx_it.o(.text.SysTick_Handler) for SysTick_Handler
    startup_stm32f103xb.o(RESET) refers to stm32f1xx_it.o(.text.EXTI1_IRQHandler) for EXTI1_IRQHandler
    startup_stm32f103xb.o(RESET) refers to stm32f1xx_it.o(.text.DMA1_Channel1_IRQHandler) for DMA1_Channel1_IRQHandler
    startup_stm32f103xb.o(RESET) refers to stm32f1xx_it.o(.text.ADC1_2_IRQHandler) for ADC1_2_IRQHandler
    startup_stm32f103xb.o(RESET) refers to stm32f1xx_it.o(.text.TIM3_IRQHandler) for TIM3_IRQHandler
    startup_stm32f103xb.o(RESET) refers to stm32f1xx_it.o(.text.TIM4_IRQHandler) for TIM4_IRQHandler
    startup_stm32f103xb.o(RESET) refers to stm32f1xx_it.o(.text.EXTI15_10_IRQHandler) for EXTI15_10_IRQHandler
    startup_stm32f103xb.o(.text) refers (Special) to heapauxi.o(.text) for __use_two_region_memory
    startup_stm32f103xb.o(.text) refers to system_stm32f1xx.o(.text.SystemInit) for SystemInit
    startup_stm32f103xb.o(.text) refers to __main.o(!!!main) for __main
    startup_stm32f103xb.o(.text) refers to startup_stm32f103xb.o(HEAP) for Heap_Mem
    startup_stm32f103xb.o(.text) refers to startup_stm32f103xb.o(STACK) for Stack_Mem
    keypad.o(.text.keypadInit) refers to keypad.o(.bss.keypad) for keypad
    keypad.o(.ARM.exidx.text.keypadInit) refers to keypad.o(.text.keypadInit) for [Anonymous Symbol]
    keypad.o(.text.keypadSerialize) refers to stm32f1xx_hal_gpio.o(.text.HAL_GPIO_ReadPin) for HAL_GPIO_ReadPin
    keypad.o(.ARM.exidx.text.keypadSerialize) refers to keypad.o(.text.keypadSerialize) for [Anonymous Symbol]
    keypad.o(.text.keypadRead) refers to keypad.o(.bss.keypad) for keypad
    keypad.o(.text.keypadRead) refers to stm32f1xx_hal_gpio.o(.text.HAL_GPIO_ReadPin) for HAL_GPIO_ReadPin
    keypad.o(.text.keypadRead) refers to user_punc.o(.text.PunctualTimeoutSet) for PunctualTimeoutSet
    keypad.o(.text.keypadRead) refers to user_punc.o(.text.PunctualTimeoutCheck) for PunctualTimeoutCheck
    keypad.o(.ARM.exidx.text.keypadRead) refers to keypad.o(.text.keypadRead) for [Anonymous Symbol]
    keypad.o(.text.isKeyDown) refers to keypad.o(.bss.keypad) for keypad
    keypad.o(.ARM.exidx.text.isKeyDown) refers to keypad.o(.text.isKeyDown) for [Anonymous Symbol]
    keypad.o(.text.isKeyPress) refers to keypad.o(.bss.keypad) for keypad
    keypad.o(.ARM.exidx.text.isKeyPress) refers to keypad.o(.text.isKeyPress) for [Anonymous Symbol]
    keypad.o(.text.isKeyHold) refers to keypad.o(.bss.keypad) for keypad
    keypad.o(.ARM.exidx.text.isKeyHold) refers to keypad.o(.text.isKeyHold) for [Anonymous Symbol]
    keypad.o(.text.KeyState) refers to keypad.o(.bss.keypad) for keypad
    keypad.o(.ARM.exidx.text.KeyState) refers to keypad.o(.text.KeyState) for [Anonymous Symbol]
    user_punc.o(.text.PunctualGetTime) refers to stm32f1xx_hal.o(.text.HAL_GetTick) for HAL_GetTick
    user_punc.o(.ARM.exidx.text.PunctualGetTime) refers to user_punc.o(.text.PunctualGetTime) for [Anonymous Symbol]
    user_punc.o(.text.PunctualTimeoutSet) refers to stm32f1xx_hal.o(.text.HAL_GetTick) for HAL_GetTick
    user_punc.o(.ARM.exidx.text.PunctualTimeoutSet) refers to user_punc.o(.text.PunctualTimeoutSet) for [Anonymous Symbol]
    user_punc.o(.text.PunctualTimeoutCheck) refers to stm32f1xx_hal.o(.text.HAL_GetTick) for HAL_GetTick
    user_punc.o(.ARM.exidx.text.PunctualTimeoutCheck) refers to user_punc.o(.text.PunctualTimeoutCheck) for [Anonymous Symbol]
[...]
    stm32f1xx_hal_flash.c                    0x00000000   Number         0  stm32f1xx_hal_flash.o ABSOLUTE
    stm32f1xx_hal_flash_ex.c                 0x00000000   Number         0  stm32f1xx_hal_flash_ex.o ABSOLUTE
    stm32f1xx_hal_gpio.c                     0x00000000   Number         0  stm32f1xx_hal_gpio.o ABSOLUTE
    stm32f1xx_hal_gpio_ex.c                  0x00000000   Number         0  stm32f1xx_hal_gpio_ex.o ABSOLUTE
    stm32f1xx_hal_msp.c                      0x00000000   Number         0  stm32f1xx_hal_msp.o ABSOLUTE
    stm32f1xx_hal_pwr.c                      0x00000000   Number         0  stm32f1xx_hal_pwr.o ABSOLUTE
    stm32f1xx_hal_rcc.c                      0x00000000   Number         0  stm32f1xx_hal_rcc.o ABSOLUTE
    stm32f1xx_hal_rcc_ex.c                   0x00000000   Number         0  stm32f1xx_hal_rcc_ex.o ABSOLUTE
    stm32f1xx_hal_rtc.c                      0x00000000   Number         0  stm32f1xx_hal_rtc.o ABSOLUTE
    stm32f1xx_hal_rtc_ex.c                   0x00000000   Number         0  stm32f1xx_hal_rtc_ex.o ABSOLUTE
    stm32f1xx_hal_tim.c                      0x00000000   Number         0  stm32f1xx_hal_tim.o ABSOLUTE
    stm32f1xx_hal_tim_ex.c                   0x00000000   Number         0  stm32f1xx_hal_tim_ex.o ABSOLUTE
    stm32f1xx_hal_uart.c                     0x00000000   Number         0  stm32f1xx_hal_uart.o ABSOLUTE
    stm32f1xx_it.c                           0x00000000   Number         0  stm32f1xx_it.o ABSOLUTE
    system_stm32f1xx.c                       0x00000000   Number         0  system_stm32f1xx.o ABSOLUTE
    tim.c                                    0x00000000   Number         0  tim.o ABSOLUTE
    usart.c                                  0x00000000   Number         0  usart.o ABSOLUTE
    user_buzzer.c                            0x00000000   Number         0  user_buzzer.o ABSOLUTE
    user_eeprom.c                            0x00000000   Number         0  user_eeprom.o ABSOLUTE
    user_punc.c                              0x00000000   Number         0  user_punc.o ABSOLUTE
    RESET                                    0x08000000   Section      236  startup_stm32f103xb.o(RESET)
    !!!main                                  0x080000ec   Section        8  __main.o(!!!main)
    !!!scatter                               0x080000f4   Section       52  __scatter.o(!!!scatter)
    !!handler_copy                           0x08000128   Section       26  __scatter_copy.o(!!handler_copy)
    !!handler_zi                             0x08000144   Section       28  __scatter_zi.o(!!handler_zi)
    .ARM.Collect$$_printf_percent$$00000000  0x08000160   Section        0  _printf_percent.o(.ARM.Collect$$_printf_percent$$00000000)
    .ARM.Collect$$_printf_percent$$00000009  0x08000160   Section        6  _printf_d.o(.ARM.Collect$$_printf_percent$$00000009)
    .ARM.Collect$$_printf_percent$$00000017  0x08000166   Section        4  _printf_percent_end.o(.ARM.Collect$$_printf_percent$$00000017)
    .ARM.Collect$$libinit$$00000000          0x0800016a   Section        2  libinit.o(.ARM.Collect$$libinit$$00000000)
    .ARM.Collect$$libinit$$00000002          0x0800016c   Section        0  libinit2.o(.ARM.Collect$$libinit$$00000002)
    .ARM.Collect$$libinit$$00000004          0x0800016c   Section        0  libinit2.o(.ARM.Collect$$libinit$$00000004)
    .ARM.Collect$$libinit$$00000006          0x0800016c   Section        0  libinit2.o(.ARM.Collect$$libinit$$00000006)
    .ARM.Collect$$libinit$$0000000C          0x0800016c   Section        0  libinit2.o(.ARM.Collect$$libinit$$0000000C)
    .ARM.Collect$$libinit$$0000000E          0x0800016c   Section        0  libinit2.o(.ARM.Collect$$libinit$$0000000E)
    .ARM.Collect$$libinit$$00000010          0x0800016c   Section        0  libinit2.o(.ARM.Collect$$libinit$$00000010)
    .ARM.Collect$$libinit$$00000013          0x0800016c   Section        0  libinit2.o(.ARM.Collect$$libinit$$00000013)
    .ARM.Collect$$libinit$$00000015          0x0800016c   Section        0  libinit2.o(.ARM.Collect$$libinit$$00000015)
    .ARM.Collect$$libinit$$00000017          0x0800016c   Section        0  libinit2.o(.ARM.Collect$$libinit$$00000017)
    .ARM.Collect$$libinit$$00000019          0x0800016c   Section        0  libinit2.o(.ARM.Collect$$libinit$$00000019)
    .ARM.Collect$$libinit$$0000001B          0x0800016c   Section        0  libinit2.o(.ARM.Collect$$libinit$$0000001B)
    .ARM.Collect$$libinit$$0000001D          0x0800016c   Section        0  libinit2.o(.ARM.Collect$$libinit$$0000001D)
    .ARM.Collect$$libinit$$0000001F          0x0800016c   Section        0  libinit2.o(.ARM.Collect$$libinit$$0000001F)
    .ARM.Collect$$libinit$$00000021          0x0800016c   Section        0  libinit2.o(.ARM.Collect$$libinit$$00000021)
    .ARM.Collect$$libinit$$00000023          0x0800016c   Section        0  libinit2.o(.ARM.Collect$$libinit$$00000023)
    .ARM.Collect$$libinit$$00000025          0x0800016c   Section        0  libinit2.o(.ARM.Collect$$libinit$$00000025)
    .ARM.Collect$$libinit$$00000027          0x0800016c   Section        0  libinit2.o(.ARM.Collect$$libinit$$00000027)
    .ARM.Collect$$libinit$$0000002E          0x0800016c   Section        0  libinit2.o(.ARM.Collect$$libinit$$0000002E)
    .ARM.Collect$$libinit$$00000030          0x0800016c   Section        0  libinit2.o(.ARM.Collect$$libinit$$00000030)
    .ARM.Collect$$libinit$$00000032          0x0800016c   Section        0  libinit2.o(.ARM.Collect$$libinit$$00000032)
    .ARM.Collect$$libinit$$00000034          0x0800016c   Section        0  libinit2.o(.ARM.Collect$$libinit$$00000034)
    .ARM.Collect$$libinit$$00000035          0x0800016c   Section        2  libinit2.o(.ARM.Collect$$libinit$$00000035)
    .ARM.Collect$$libshutdown$$00000000      0x0800016e   Section        2  libshutdown.o(.ARM.Collect$$libshutdown$$00000000)
    .ARM.Collect$$libshutdown$$00000002      0x08000170   Section        0  libshutdown2.o(.ARM.Collect$$libshutdown$$00000002)
    .ARM.Collect$$libshutdown$$00000004      0x08000170   Section        0  libshutdown2.o(.ARM.Collect$$libshutdown$$00000004)
    .ARM.Collect$$libshutdown$$00000007      0x08000170   Section        0  libshutdown2.o(.ARM.Collect$$libshutdown$$00000007)
    .ARM.Collect$$libshutdown$$0000000A      0x08000170   Section        0  libshutdown2.o(.ARM.Collect$$libshutdown$$0000000A)
    .ARM.Collect$$libshutdown$$0000000C      0x08000170   Section        0  libshutdown2.o(.ARM.Collect$$libshutdown$$0000000C)
    .ARM.Collect$$libshutdown$$0000000F      0x08000170   Section        0  libshutdown2.o(.ARM.Collect$$libshutdown$$0000000F)
    .ARM.Collect$$libshutdown$$00000010      0x08000170   Section        2  libshutdown2.o(.ARM.Collect$$libshutdown$$00000010)
    .ARM.Collect$$rtentry$$00000000          0x08000172   Section        0  __rtentry.o(.ARM.Collect$$rtentry$$00000000)
    .ARM.Collect$$rtentry$$00000002          0x08000172   Section        0  __rtentry2.o(.ARM.Collect$$rtentry$$00000002)
    .ARM.Collect$$rtentry$$00000004          0x08000172   Section        6  __rtentry4.o(.ARM.Collect$$rtentry$$00000004)
    .ARM.Collect$$rtentry$$00000009          0x08000178   Section        0  __rtentry2.o(.ARM.Collect$$rtentry$$00000009)
    .ARM.Collect$$rtentry$$0000000A          0x08000178   Section        4  __rtentry2.o(.ARM.Collect$$rtentry$$0000000A)
    .ARM.Collect$$rtentry$$0000000C          0x0800017c   Section        0  __rtentry2.o(.ARM.Collect$$rtentry$$0000000C)
    .ARM.Collect$$rtentry$$0000000D          0x0800017c   Section        8  __rtentry2.o(.ARM.Collect$$rtentry$$0000000D)
    .ARM.Collect$$rtexit$$00000000           0x08000184   Section        2  rtexit.o(.ARM.Collect$$rtexit$$00000000)
    .ARM.Collect$$rtexit$$00000002           0x08000186   Section        0  rtexit2.o(.ARM.Collect$$rtexit$$00000002)
    .ARM.Collect$$rtexit$$00000003           0x08000186   Section        4  rtexit2.o(.ARM.Collect$$rtexit$$00000003)
    .ARM.Collect$$rtexit$$00000004           0x0800018a   Section        6  rtexit2.o(.ARM.Collect$$rtexit$$00000004)
    .text                                    0x08000190   Section       64  startup_stm32f103xb.o(.text)
    .text                                    0x080001d0   Section        0  noretval__2sprintf.o(.text)
    .text                                    0x080001f8   Section        0  _printf_pad.o(.text)
    .text                                    0x08000248   Section        0  _printf_dec.o(.text)
    .text                                    0x080002c0   Section        0  __printf_wp.o(.text)
    .text                                    0x080003ce   Section        0  heapauxi.o(.text)
    .text                                    0x080003d4   Section        0  _printf_intcommon.o(.text)
    _printf_input_char                       0x08000489   Thumb Code    10  _printf_char_common.o(.text)
    .text                                    0x08000488   Section        0  _printf_char_common.o(.text)
    .text                                    0x080004b8   Section        0  _sputc.o(.text)
    .text                                    0x080004c2   Section       74  sys_stackheap_outer.o(.text)
    .text                                    0x0800050c   Section        0  exit.o(.text)
    .text                                    0x08000520   Section        8  libspace.o(.text)
    .text                                    0x08000528   Section        0  sys_exit.o(.text)
    .text                                    0x08000534   Section        2  use_no_semi.o(.text)
    .text                                    0x08000536   Section        0  indicate_semi.o(.text)
    [Anonymous Symbol]                       0x08000538   Section        0  stm32f1xx_it.o(.text.ADC1_2_IRQHandler)
    [Anonymous Symbol]                       0x08000544   Section        0  stm32f1xx_it.o(.text.BusFault_Handler)
    [Anonymous Symbol]                       0x08000548   Section        0  stm32f1xx_it.o(.text.DMA1_Channel1_IRQHandler)
    [Anonymous Symbol]                       0x08000554   Section        0  stm32f1xx_it.o(.text.DebugMon_Handler)
    [Anonymous Symbol]                       0x08000558   Section        0  eeprom.o(.text.EE_Init)
    [Anonymous Symbol]                       0x0800164c   Section        0  eeprom.o(.text.EE_ReadVariable)
    [Anonymous Symbol]                       0x080016d0   Section        0  eeprom.o(.text.EE_WriteVariable)
    [Anonymous Symbol]                       0x08001bf0   Section        0  stm32f1xx_it.o(.text.EXTI15_10_IRQHandler)
    [Anonymous Symbol]                       0x08001bf8   Section        0  stm32f1xx_it.o(.text.EXTI1_IRQHandler)
    [Anonymous Symbol]                       0x08001c00   Section        0  main.o(.text.Error_Handler)
    [Anonymous Symbol]                       0x08001c0c   Section        0  stm32f1xx_hal_flash.o(.text.FLASH_WaitForLastOperation)
    [Anonymous Symbol]                       0x08001cec   Section        0  stm32f1xx_hal_adc_ex.o(.text.HAL_ADCEx_InjectedConvCpltCallback)
    [Anonymous Symbol]                       0x08001cf0   Section        0  stm32f1xx_hal_adc.o(.text.HAL_ADC_ConfigChannel)
    [Anonymous Symbol]                       0x08001e7c   Section        0  stm32f1xx_hal_adc.o(.text.HAL_ADC_ConvCpltCallback)
    [Anonymous Symbol]                       0x08001e80   Section        0  stm32f1xx_hal_adc.o(.text.HAL_ADC_IRQHandler)
    [Anonymous Symbol]                       0x08001f70   Section        0  stm32f1xx_hal_adc.o(.text.HAL_ADC_Init)
    [Anonymous Symbol]                       0x080020cc   Section        0  stm32f1xx_hal_adc.o(.text.HAL_ADC_LevelOutOfWindowCallback)
    [Anonymous Symbol]                       0x080020d0   Section        0  adc.o(.text.HAL_ADC_MspInit)
    [Anonymous Symbol]                       0x08002184   Section        0  stm32f1xx_hal_dma.o(.text.HAL_DMA_IRQHandler)
    [Anonymous Symbol]                       0x08002324   Section        0  stm32f1xx_hal_dma.o(.text.HAL_DMA_Init)
    [Anonymous Symbol]                       0x080023ac   Section        0  stm32f1xx_hal.o(.text.HAL_Delay)
    [Anonymous Symbol]                       0x080023d4   Section        0  stm32f1xx_hal_flash_ex.o(.text.HAL_FLASHEx_Erase)
    [Anonymous Symbol]                       0x080024c4   Section        0  stm32f1xx_hal_flash.o(.text.HAL_FLASH_Program)
    [Anonymous Symbol]                       0x08002570   Section        0  stm32f1xx_hal_flash.o(.text.HAL_FLASH_Unlock)
    [Anonymous Symbol]                       0x080025a0   Section        0  main.o(.text.HAL_GPIO_EXTI_Callback)
    [Anonymous Symbol]                       0x08002650   Section        0  stm32f1xx_hal_gpio.o(.text.HAL_GPIO_EXTI_IRQHandler)
    [Anonymous Symbol]                       0x08002668   Section        0  stm32f1xx_hal_gpio.o(.text.HAL_GPIO_Init)
    [Anonymous Symbol]                       0x08002884   Section        0  stm32f1xx_hal_gpio.o(.text.HAL_GPIO_ReadPin)
    [Anonymous Symbol]                       0x08002890   Section        0  stm32f1xx_hal_gpio.o(.text.HAL_GPIO_TogglePin)
    [Anonymous Symbol]                       0x080028a0   Section        0  stm32f1xx_hal_gpio.o(.text.HAL_GPIO_WritePin)
    [Anonymous Symbol]                       0x080028ac   Section        0  stm32f1xx_hal.o(.text.HAL_GetTick)
    [Anonymous Symbol]                       0x080028b8   Section        0  stm32f1xx_hal.o(.text.HAL_IncTick)
    [Anonymous Symbol]                       0x080028d4   Section        0  stm32f1xx_hal.o(.text.HAL_Init)
    [Anonymous Symbol]                       0x080028fc   Section        0  stm32f1xx_hal.o(.text.HAL_InitTick)
    [Anonymous Symbol]                       0x08002944   Section        0  stm32f1xx_hal_msp.o(.text.HAL_MspInit)
    [Anonymous Symbol]                       0x08002988   Section        0  stm32f1xx_hal_cortex.o(.text.HAL_NVIC_EnableIRQ)
    [Anonymous Symbol]                       0x080029b0   Section        0  stm32f1xx_hal_cortex.o(.text.HAL_NVIC_SetPriority)
    [Anonymous Symbol]                       0x08002a08   Section        0  stm32f1xx_hal_cortex.o(.text.HAL_NVIC_SetPriorityGrouping)
    [Anonymous Symbol]                       0x08002a28   Section        0  stm32f1xx_hal_pwr.o(.text.HAL_PWR_DisableSleepOnExit)
    [Anonymous Symbol]                       0x08002a3c   Section        0  stm32f1xx_hal_pwr.o(.text.HAL_PWR_EnableBkUpAccess)
    [Anonymous Symbol]                       0x08002a48   Section        0  stm32f1xx_hal_rcc_ex.o(.text.HAL_RCCEx_GetPeriphCLKFreq)
    HAL_RCCEx_GetPeriphCLKFreq.aPLLMULFactorTable 0x08002b24   Number         0  stm32f1xx_hal_rcc_ex.o(.text.HAL_RCCEx_GetPeriphCLKFreq)
    HAL_RCCEx_GetPeriphCLKFreq.aPredivFactorTable 0x08002b34   Number         0  stm32f1xx_hal_rcc_ex.o(.text.HAL_RCCEx_GetPeriphCLKFreq)
    [Anonymous Symbol]                       0x08002b38   Section        0  stm32f1xx_hal_rcc_ex.o(.text.HAL_RCCEx_PeriphCLKConfig)
    [Anonymous Symbol]                       0x08002c44   Section        0  stm32f1xx_hal_rcc.o(.text.HAL_RCC_ClockConfig)
    [Anonymous Symbol]                       0x08002e04   Section        0  stm32f1xx_hal_rcc.o(.text.HAL_RCC_GetPCLK1Freq)
    [Anonymous Symbol]                       0x08002e2c   Section        0  stm32f1xx_hal_rcc.o(.text.HAL_RCC_GetPCLK2Freq)
    [Anonymous Symbol]                       0x08002e54   Section        0  stm32f1xx_hal_rcc.o(.text.HAL_RCC_OscConfig)
    [Anonymous Symbol]                       0x08003208   Section        0  stm32f1xx_hal_rtc.o(.text.HAL_RTC_Init)
    [Anonymous Symbol]                       0x080032fc   Section        0  rtc.o(.text.HAL_RTC_MspInit)
    [Anonymous Symbol]                       0x08003344   Section        0  stm32f1xx_hal_rtc.o(.text.HAL_RTC_SetDate)
    [Anonymous Symbol]                       0x08003554   Section        0  stm32f1xx_hal_rtc.o(.text.HAL_RTC_SetTime)
    [Anonymous Symbol]                       0x080036b4   Section        0  stm32f1xx_hal.o(.text.HAL_ResumeTick)
    [Anonymous Symbol]                       0x080036c8   Section        0  main.o(.text.HAL_SYSTICK_Callback)
    [Anonymous Symbol]                       0x08003700   Section        0  stm32f1xx_hal_cortex.o(.text.HAL_SYSTICK_Config)
    [Anonymous Symbol]                       0x0800372c   Section        0  stm32f1xx_hal_cortex.o(.text.HAL_SYSTICK_IRQHandler)
    [Anonymous Symbol]                       0x08003730   Section        0  stm32f1xx_hal_tim_ex.o(.text.HAL_TIMEx_BreakCallback)
    [Anonymous Symbol]                       0x08003734   Section        0  stm32f1xx_hal_tim_ex.o(.text.HAL_TIMEx_CommutCallback)
    [Anonymous Symbol]                       0x08003738   Section        0  stm32f1xx_hal_tim_ex.o(.text.HAL_TIMEx_ConfigBreakDeadTime)
    [Anonymous Symbol]                       0x08003784   Section        0  stm32f1xx_hal_tim_ex.o(.text.HAL_TIMEx_MasterConfigSynchronization)
    [Anonymous Symbol]                       0x08003800   Section        0  stm32f1xx_hal_tim.o(.text.HAL_TIM_Base_Init)
    [Anonymous Symbol]                       0x080038ec   Section        0  tim.o(.text.HAL_TIM_Base_MspInit)
    [Anonymous Symbol]                       0x08003990   Section        0  stm32f1xx_hal_tim.o(.text.HAL_TIM_Base_Start_IT)
    [Anonymous Symbol]                       0x08003a00   Section        0  stm32f1xx_hal_tim.o(.text.HAL_TIM_ConfigClockSource)
    [Anonymous Symbol]                       0x08003b9c   Section        0  stm32f1xx_hal_tim.o(.text.HAL_TIM_GenerateEvent)
    [Anonymous Symbol]                       0x08003bc0   Section        0  stm32f1xx_hal_tim.o(.text.HAL_TIM_IC_CaptureCallback)
    [Anonymous Symbol]                       0x08003bc4   Section        0  stm32f1xx_hal_tim.o(.text.HAL_TIM_IRQHandler)
    [Anonymous Symbol]                       0x08003d34   Section        0  stm32f1xx_hal_tim.o(.text.HAL_TIM_OC_ConfigChannel)
    [Anonymous Symbol]                       0x08003ed8   Section        0  user_buzzer.o(.text.HAL_TIM_OC_DelayElapsedCallback)
    [Anonymous Symbol]                       0x0800408c   Section        0  stm32f1xx_hal_tim.o(.text.HAL_TIM_OC_Init)
    [Anonymous Symbol]                       0x08004178   Section        0  stm32f1xx_hal_tim.o(.text.HAL_TIM_OC_MspInit)
    [Anonymous Symbol]                       0x0800417c   Section        0  stm32f1xx_hal_tim.o(.text.HAL_TIM_OC_Start_IT)
    [Anonymous Symbol]                       0x08004294   Section        0  stm32f1xx_hal_tim.o(.text.HAL_TIM_OC_Stop_IT)
    [Anonymous Symbol]                       0x08004354   Section        0  stm32f1xx_hal_tim.o(.text.HAL_TIM_PWM_ConfigChannel)
    [Anonymous Symbol]                       0x08004560   Section        0  stm32f1xx_hal_tim.o(.text.HAL_TIM_PWM_Init)
    [Anonymous Symbol]                       0x0800464c   Section        0  tim.o(.text.HAL_TIM_PWM_MspInit)
    [Anonymous Symbol]                       0x08004680   Section        0  stm32f1xx_hal_tim.o(.text.HAL_TIM_PWM_PulseFinishedCallback)
    [Anonymous Symbol]                       0x08004684   Section        0  stm32f1xx_hal_tim.o(.text.HAL_TIM_PWM_Start)
    [Anonymous Symbol]                       0x08004764   Section        0  stm32f1xx_hal_tim.o(.text.HAL_TIM_PWM_Stop)
    [Anonymous Symbol]                       0x08004818   Section        0  sevensegment.o(.text.HAL_TIM_PeriodElapsedCallback)
    [Anonymous Symbol]                       0x080048c0   Section        0  stm32f1xx_hal_tim.o(.text.HAL_TIM_TriggerCallback)
    [Anonymous Symbol]                       0x080048c4   Section        0  stm32f1xx_hal_uart.o(.text.HAL_UART_Init)
    [Anonymous Symbol]                       0x080049a8   Section        0  usart.o(.text.HAL_UART_MspInit)
    [Anonymous Symbol]                       0x08004a24   Section        0  stm32f1xx_it.o(.text.HardFault_Handler)
    [Anonymous Symbol]                       0x08004a28   Section        0  adc.o(.text.MX_ADC1_Init)
    [Anonymous Symbol]                       0x08004ae0   Section        0  dma.o(.text.MX_DMA_Init)
    [Anonymous Symbol]                       0x08004b14   Section        0  gpio.o(.text.MX_GPIO_Init)
    [Anonymous Symbol]                       0x08004c08   Section        0  rtc.o(.text.MX_RTC_Init)
    [Anonymous Symbol]                       0x08004c78   Section        0  tim.o(.text.MX_TIM1_Init)
    [Anonymous Symbol]                       0x08004dfc   Section        0  tim.o(.text.MX_TIM2_Init)
    [Anonymous Symbol]                       0x08004f60   Section        0  tim.o(.text.MX_TIM3_Init)
    [Anonymous Symbol]                       0x08005020   Section        0  tim.o(.text.MX_TIM4_Init)
    [Anonymous Symbol]                       0x08005094   Section        0  usart.o(.text.MX_USART3_UART_Init)
    [Anonymous Symbol]                       0x080050d0   Section        0  stm32f1xx_it.o(.text.MemManage_Handler)
    [Anonymous Symbol]                       0x080050d4   Section        0  stm32f1xx_it.o(.text.NMI_Handler)
    [Anonymous Symbol]                       0x080050d8   Section        0  stm32f1xx_it.o(.text.PendSV_Handler)
    [Anonymous Symbol]                       0x080050dc   Section        0  user_punc.o(.text.PunctualTimeoutCheck)
    [Anonymous Symbol]                       0x08005114   Section        0  user_punc.o(.text.PunctualTimeoutSet)
    [Anonymous Symbol]                       0x08005128   Section        0  stm32f1xx_it.o(.text.SVC_Handler)
    [Anonymous Symbol]                       0x0800512c   Section        0  stm32f1xx_it.o(.text.SysTick_Handler)
    [Anonymous Symbol]                       0x0800513c   Section        0  system_stm32f1xx.o(.text.SystemInit)
    [Anonymous Symbol]                       0x08005140   Section        0  stm32f1xx_it.o(.text.TIM3_IRQHandler)
    [Anonymous Symbol]                       0x0800514c   Section        0  stm32f1xx_it.o(.text.TIM4_IRQHandler)
    [Anonymous Symbol]                       0x08005158   Section        0  stm32f1xx_it.o(.text.UsageFault_Handler)
    [Anonymous Symbol]                       0x0800515c   Section        0  sevensegment.o(.text.blink_segs)
    [Anonymous Symbol]                       0x08005170   Section        0  user_eeprom.o(.text.eeprom_read_values)
    [Anonymous Symbol]                       0x080051d8   Section        0  user_eeprom.o(.text.eeprom_write_defaults)
    [Anonymous Symbol]                       0x08005238   Section        0  sevensegment.o(.text.init_segs)
    [Anonymous Symbol]                       0x08005280   Section        0  keypad.o(.text.isKeyPress)
    [Anonymous Symbol]                       0x08005294   Section        0  keypad.o(.text.keypadRead)
    [Anonymous Symbol]                       0x080053c4   Section        0  main.o(.text.main)
    [Anonymous Symbol]                       0x08005628   Section        0  user_buzzer.o(.text.mute_tone)
    [Anonymous Symbol]                       0x0800564c   Section        0  user_buzzer.o(.text.play_tone)
    [Anonymous Symbol]                       0x0800569c   Section        0  user_buzzer.o(.text.play_tone_reverse)
    [Anonymous Symbol]                       0x08005778   Section        0  sevensegment.o(.text.print_segs)
    [Anonymous Symbol]                       0x08005794   Section        0  sevensegment.o(.text.show_seg)
    i._is_digit                              0x080058b6   Section        0  __printf_wp.o(i._is_digit)
    .L__const.main.freqs2                    0x080058c4   Data          34  main.o(.rodata..L__const.main.freqs2)
    HAL_RCC_GetSysClockFreq.aPredivFactorTable 0x080058fe   Data           2  stm32f1xx_hal_rcc.o(.rodata.HAL_RCC_GetSysClockFreq.aPredivFactorTable)
    [Anonymous Symbol]                       0x080058fe   Section        0  stm32f1xx_hal_rcc.o(.rodata.HAL_RCC_GetSysClockFreq.aPredivFactorTable)
    HAL_RCC_GetSysClockFreq.aPLLMULFactorTable 0x08005900   Data          16  stm32f1xx_hal_rcc.o(.rodata.cst16)
    [Anonymous Symbol]                       0x08005900   Section        0  stm32f1xx_hal_rcc.o(.rodata.cst16)
    .Lswitch.table.HAL_TIM_IC_Start_IT       0x08005910   Data          16  stm32f1xx_hal_tim.o(.rodata.cst16)
    .Lswitch.table.HAL_TIM_IC_Stop_IT        0x08005920   Data          16  stm32f1xx_hal_tim.o(.rodata.cst16)
    .L.str                                   0x08005930   Data           4  main.o(.rodata.str1.1)
    [Anonymous Symbol]                       0x08005930   Section        0  main.o(.rodata.str1.1)
    .L_MergedGlobals                         0x20000000   Data           8  stm32f1xx_hal.o(.data..L_MergedGlobals)
    [Anonymous Symbol]                       0x20000000   Section        0  stm32f1xx_hal.o(.data..L_MergedGlobals)
    local_forward                            0x2000000c   Data           1  user_buzzer.o(.data.local_forward)
    [Anonymous Symbol]                       0x2000000c   Section        0  user_buzzer.o(.data.local_forward)
    .bss                                     0x20000010   Section       96  libspace.o(.bss)
    .L_MergedGlobals                         0x20000070   Data           8  user_buzzer.o(.bss..L_MergedGlobals)
    local_index                              0x20000070   Data           2  user_buzzer.o(.bss..L_MergedGlobals)
    [Anonymous Symbol]                       0x20000070   Section        0  user_buzzer.o(.bss..L_MergedGlobals)
    local_length                             0x20000072   Data           2  user_buzzer.o(.bss..L_MergedGlobals)
    .L_MergedGlobals                         0x20000078   Data           8  main.o(.bss..L_MergedGlobals)
    [Anonymous Symbol]                       0x20000078   Section        0  main.o(.bss..L_MergedGlobals)
    TimingDelay                              0x2000007c   Data           4  main.o(.bss..L_MergedGlobals)
    .L_MergedGlobals                         0x20000080   Data           8  sevensegment.o(.bss..L_MergedGlobals)
    blink_active                             0x20000080   Data           1  sevensegment.o(.bss..L_MergedGlobals)
    [Anonymous Symbol]                       0x20000080   Section        0  sevensegment.o(.bss..L_MergedGlobals)
    blink_state                              0x20000081   Data           1  sevensegment.o(.bss..L_MergedGlobals)
    index_digit                              0x20000082   Data           1  sevensegment.o(.bss..L_MergedGlobals)
    blink_cnt                                0x20000084   Data           2  sevensegment.o(.bss..L_MergedGlobals)
    current_ch                               0x20000086   Data           2  sevensegment.o(.bss..L_MergedGlobals)
    .L_MergedGlobals                         0x20000088   Data           8  eeprom.o(.bss..L_MergedGlobals)
    [Anonymous Symbol]                       0x20000088   Section        0  eeprom.o(.bss..L_MergedGlobals)
    .L_MergedGlobals                         0x20000090   Data          12  user_eeprom.o(.bss..L_MergedGlobals)
    [Anonymous Symbol]                       0x20000090   Section        0  user_eeprom.o(.bss..L_MergedGlobals)
    Heap_Mem                                 0x200002d0   Data         512  startup_stm32f103xb.o(HEAP)
    HEAP                                     0x200002d0   Section      512  startup_stm32f103xb.o(HEAP)
    Stack_Mem                                0x200004d0   Data        1024  startup_stm32f103xb.o(STACK)
    STACK                                    0x200004d0   Section     1024  startup_stm32f103xb.o(STACK)
    __initial_sp                             0x200008d0   Data           0  startup_stm32f103xb.o(STACK)

    Global Symbols

    Symbol Name                              Value     Ov Type        Size  Object(Section)

    BuildAttributes$$THM_ISAv4$P$D$K$B$S$PE$A:L22UL41UL21$X:L11$S22US41US21$IEEE1$IW$~IW$USESV6$~STKCKD$USESV7$~SHL$OTIME$ROPI$EBA8$UX$STANDARDLIB$REQ8$PRES8$EABIv2 0x00000000   Number         0  anon$$obj.o ABSOLUTE
    __fp_init_empty                          0x00000000   Number         0  fpinit_empty.o ABSOLUTE
    _printf_flags                            0x00000000   Number         0  printf_stubs.o ABSOLUTE
    _printf_return_value                     0x00000000   Number         0  printf_stubs.o ABSOLUTE
    _printf_sizespec                         0x00000000   Number         0  printf_stubs.o ABSOLUTE
    _printf_widthprec                        0x00000000   Number         0  printf_stubs.o ABSOLUTE
    __ARM_exceptions_init                     - Undefined Weak Reference
    __alloca_initialize                       - Undefined Weak Reference
    __arm_preinit_                            - Undefined Weak Reference
    __arm_relocate_pie_                       - Undefined Weak Reference
    __cpp_initialize__aeabi_                  - Undefined Weak Reference
    __cxa_finalize                            - Undefined Weak Reference
    __rt_locale                               - Undefined Weak Reference
    __sigvec_lookup                           - Undefined Weak Reference
    _atexit_init                              - Undefined Weak Reference
    _call_atexit_fns                          - Undefined Weak Reference
    _clock_init                               - Undefined Weak Reference
    _fp_trap_init                             - Undefined Weak Reference
    _fp_trap_shutdown                         - Undefined Weak Reference
    _get_lc_collate                           - Undefined Weak Reference
    _get_lc_ctype                             - Undefined Weak Reference
    _get_lc_monetary                          - Undefined Weak Reference
    _get_lc_numeric                           - Undefined Weak Reference
    _get_lc_time                              - Undefined Weak Reference
    _getenv_init                              - Undefined Weak Reference
    _handle_redirection                       - Undefined Weak Reference
    _init_alloc                               - Undefined Weak Reference
    _init_user_alloc                          - Undefined Weak Reference
    _initio                                   - Undefined Weak Reference
    _printf_truncate_signed                   - Undefined Weak Reference
    _printf_truncate_unsigned                 - Undefined Weak Reference
    _rand_init                                - Undefined Weak Reference
    _signal_finish                            - Undefined Weak Reference
    _signal_init                              - Undefined Weak Reference
    _terminate_alloc                          - Undefined Weak Reference
    _terminate_user_alloc                     - Undefined Weak Reference
    _terminateio                              - Undefined Weak Reference
    __Vectors_Size                           0x000000ec   Number         0  startup_stm32f103xb.o ABSOLUTE
    __Vectors                                0x08000000   Data           4  startup_stm32f103xb.o(RESET)
    __Vectors_End                            0x080000ec   Data           0  startup_stm32f103xb.o(RESET)
    __main                                   0x080000ed   Thumb Code     8  __main.o(!!!main)
    __scatterload                            0x080000f5   Thumb Code     0  __scatter.o(!!!scatter)
    __scatterload_rt2                        0x080000f5   Thumb Code    44  __scatter.o(!!!scatter)
    __scatterload_rt2_thumb_only             0x080000f5   Thumb Code     0  __scatter.o(!!!scatter)
    __scatterload_null                       0x08000103   Thumb Code     0  __scatter.o(!!!scatter)
    __scatterload_copy                       0x08000129   Thumb Code    26  __scatter_copy.o(!!handler_copy)
    __scatterload_zeroinit                   0x08000145   Thumb Code    28  __scatter_zi.o(!!handler_zi)
    _printf_d                                0x08000161   Thumb Code     0  _printf_d.o(.ARM.Collect$$_printf_percent$$00000009)
    _printf_percent                          0x08000161   Thumb Code     0  _printf_percent.o(.ARM.Collect$$_printf_percent$$00000000)
    _printf_percent_end                      0x08000167   Thumb Code     0  _printf_percent_end.o(.ARM.Collect$$_printf_percent$$00000017)
    __rt_lib_init                            0x0800016b   Thumb Code     0  libinit.o(.ARM.Collect$$libinit$$00000000)
    __rt_lib_init_alloca_1                   0x0800016d   Thumb Code     0  libinit2.o(.ARM.Collect$$libinit$$00000030)
    __rt_lib_init_argv_1                     0x0800016d   Thumb Code     0  libinit2.o(.ARM.Collect$$libinit$$0000002E)
    __rt_lib_init_atexit_1                   0x0800016d   Thumb Code     0  libinit2.o(.ARM.Collect$$libinit$$0000001D)
    __rt_lib_init_clock_1                    0x0800016d   Thumb Code     0  libinit2.o(.ARM.Collect$$libinit$$00000023)
    __rt_lib_init_cpp_1                      0x0800016d   Thumb Code     0  libinit2.o(.ARM.Collect$$libinit$$00000034)
    __rt_lib_init_exceptions_1               0x0800016d   Thumb Code     0  libinit2.o(.ARM.Collect$$libinit$$00000032)
    __rt_lib_init_fp_1                       0x0800016d   Thumb Code     0  libinit2.o(.ARM.Collect$$libinit$$00000002)
    __rt_lib_init_fp_trap_1                  0x0800016d   Thumb Code     0  libinit2.o(.ARM.Collect$$libinit$$00000021)
    __rt_lib_init_getenv_1                   0x0800016d   Thumb Code     0  libinit2.o(.ARM.Collect$$libinit$$00000025)
    __rt_lib_init_heap_1                     0x0800016d   Thumb Code     0  libinit2.o(.ARM.Collect$$libinit$$0000000C)
    __rt_lib_init_lc_collate_1               0x0800016d   Thumb Code     0  libinit2.o(.ARM.Collect$$libinit$$00000013)
    __rt_lib_init_lc_ctype_1                 0x0800016d   Thumb Code     0  libinit2.o(.ARM.Collect$$libinit$$00000015)
    __rt_lib_init_lc_monetary_1              0x0800016d   Thumb Code     0  libinit2.o(.ARM.Collect$$libinit$$00000017)
    __rt_lib_init_lc_numeric_1               0x0800016d   Thumb Code     0  libinit2.o(.ARM.Collect$$libinit$$00000019)
    __rt_lib_init_lc_time_1                  0x0800016d   Thumb Code     0  libinit2.o(.ARM.Collect$$libinit$$0000001B)
    __rt_lib_init_preinit_1                  0x0800016d   Thumb Code     0  libinit2.o(.ARM.Collect$$libinit$$00000006)
    __rt_lib_init_rand_1                     0x0800016d   Thumb Code     0  libinit2.o(.ARM.Collect$$libinit$$00000010)
    __rt_lib_init_relocate_pie_1             0x0800016d   Thumb Code     0  libinit2.o(.ARM.Collect$$libinit$$00000004)
    __rt_lib_init_return                     0x0800016d   Thumb Code     0  libinit2.o(.ARM.Collect$$libinit$$00000035)
    __rt_lib_init_signal_1                   0x0800016d   Thumb Code     0  libinit2.o(.ARM.Collect$$libinit$$0000001F)
    __rt_lib_init_stdio_1                    0x0800016d   Thumb Code     0  libinit2.o(.ARM.Collect$$libinit$$00000027)
    __rt_lib_init_user_alloc_1               0x0800016d   Thumb Code     0  libinit2.o(.ARM.Collect$$libinit$$0000000E)
    __rt_lib_shutdown                        0x0800016f   Thumb Code     0  libshutdown.o(.ARM.Collect$$libshutdown$$00000000)
    __rt_lib_shutdown_cpp_1                  0x08000171   Thumb Code     0  libshutdown2.o(.ARM.Collect$$libshutdown$$00000002)
    __rt_lib_shutdown_fp_trap_1              0x08000171   Thumb Code     0  libshutdown2.o(.ARM.Collect$$libshutdown$$00000007)
    __rt_lib_shutdown_heap_1                 0x08000171   Thumb Code     0  libshutdown2.o(.ARM.Collect$$libshutdown$$0000000F)
    __rt_lib_shutdown_return                 0x08000171   Thumb Code     0  libshutdown2.o(.ARM.Collect$$libshutdown$$00000010)
    __rt_lib_shutdown_signal_1               0x08000171   Thumb Code     0  libshutdown2.o(.ARM.Collect$$libshutdown$$0000000A)
    __rt_lib_shutdown_stdio_1                0x08000171   Thumb Code     0  libshutdown2.o(.ARM.Collect$$libshutdown$$00000004)
    __rt_lib_shutdown_user_alloc_1           0x08000171   Thumb Code     0  libshutdown2.o(.ARM.Collect$$libshutdown$$0000000C)
    __rt_entry                               0x08000173   Thumb Code     0  __rtentry.o(.ARM.Collect$$rtentry$$00000000)
    __rt_entry_presh_1                       0x08000173   Thumb Code     0  __rtentry2.o(.ARM.Collect$$rtentry$$00000002)
    __rt_entry_sh                            0x08000173   Thumb Code     0  __rtentry4.o(.ARM.Collect$$rtentry$$00000004)
    __rt_entry_li                            0x08000179   Thumb Code     0  __rtentry2.o(.ARM.Collect$$rtentry$$0000000A)
    __rt_entry_postsh_1                      0x08000179   Thumb Code     0  __rtentry2.o(.ARM.Collect$$rtentry$$00000009)
    __rt_entry_main                          0x0800017d   Thumb Code     0  __rtentry2.o(.ARM.Collect$$rtentry$$0000000D)
    __rt_entry_postli_1                      0x0800017d   Thumb Code     0  __rtentry2.o(.ARM.Collect$$rtentry$$0000000C)
    __rt_exit                                0x08000185   Thumb Code     0  rtexit.o(.ARM.Collect$$rtexit$$00000000)
    __rt_exit_ls                             0x08000187   Thumb Code     0  rtexit2.o(.ARM.Collect$$rtexit$$00000003)
    __rt_exit_prels_1                        0x08000187   Thumb Code     0  rtexit2.o(.ARM.Collect$$rtexit$$00000002)
    __rt_exit_exit                           0x0800018b   Thumb Code     0  rtexit2.o(.ARM.Collect$$rtexit$$00000004)
    Reset_Handler                            0x08000191   Thumb Code     8  startup_stm32f103xb.o(.text)
    CAN1_RX1_IRQHandler                      0x080001ab   Thumb Code     0  startup_stm32f103xb.o(.text)
    CAN1_SCE_IRQHandler                      0x080001ab   Thumb Code     0  startup_stm32f103xb.o(.text)
    DMA1_Channel2_IRQHandler                 0x080001ab   Thumb Code     0  startup_stm32f103xb.o(.text)
    DMA1_Channel3_IRQHandler                 0x080001ab   Thumb Code     0  startup_stm32f103xb.o(.text)
    DMA1_Channel4_IRQHandler                 0x080001ab   Thumb Code     0  startup_stm32f103xb.o(.text)
    DMA1_Channel5_IRQHandler                 0x080001ab   Thumb Code     0  startup_stm32f103xb.o(.text)
    DMA1_Channel6_IRQHandler                 0x080001ab   Thumb Code     0  startup_stm32f103xb.o(.text)
    DMA1_Channel7_IRQHandler                 0x080001ab   Thumb Code     0  startup_stm32f103xb.o(.text)
    EXTI0_IRQHandler                         0x080001ab   Thumb Code     0  startup_stm32f103xb.o(.text)
    EXTI2_IRQHandler                         0x080001ab   Thumb Code     0  startup_stm32f103xb.o(.text)
    EXTI3_IRQHandler                         0x080001ab   Thumb Code     0  startup_stm32f103xb.o(.text)
    EXTI4_IRQHandler                         0x080001ab   Thumb Code     0  startup_stm32f103xb.o(.text)
    EXTI9_5_IRQHandler                       0x080001ab   Thumb Code     0  startup_stm32f103xb.o(.text)
    FLASH_IRQHandler                         0x080001ab   Thumb Code     0  startup_stm32f103xb.o(.text)
    I2C1_ER_IRQHandler                       0x080001ab   Thumb Code     0  startup_stm32f103xb.o(.text)
    I2C1_EV_IRQHandler                       0x080001ab   Thumb Code     0  startup_stm32f103xb.o(.text)
    I2C2_ER_IRQHandler                       0x080001ab   Thumb Code     0  startup_stm32f103xb.o(.text)
    I2C2_EV_IRQHandler                       0x080001ab   Thumb Code     0  startup_stm32f103xb.o(.text)
    PVD_IRQHandler                           0x080001ab   Thumb Code     0  startup_stm32f103xb.o(.text)
    RCC_IRQHandler                           0x080001ab   Thumb Code     0  startup_stm32f103xb.o(.text)
    RTC_Alarm_IRQHandler                     0x080001ab   Thumb Code     0  startup_stm32f103xb.o(.text)
    RTC_IRQHandler                           0x080001ab   Thumb Code     0  startup_stm32f103xb.o(.text)
    SPI1_IRQHandler                          0x080001ab   Thumb Code     0  startup_stm32f103xb.o(.text)
    SPI2_IRQHandler                          0x080001ab   Thumb Code     0  startup_stm32f103xb.o(.text)
    TAMPER_IRQHandler                        0x080001ab   Thumb Code     0  startup_stm32f103xb.o(.text)
    TIM1_BRK_IRQHandler                      0x080001ab   Thumb Code     0  startup_stm32f103xb.o(.text)
    TIM1_CC_IRQHandler                       0x080001ab   Thumb Code     0  startup_stm32f103xb.o(.text)
    TIM1_TRG_COM_IRQHandler                  0x080001ab   Thumb Code     0  startup_stm32f103xb.o(.text)
    TIM1_UP_IRQHandler                       0x080001ab   Thumb Code     0  startup_stm32f103xb.o(.text)
    TIM2_IRQHandler                          0x080001ab   Thumb Code     0  startup_stm32f103xb.o(.text)
    USART1_IRQHandler                        0x080001ab   Thumb Code     0  startup_stm32f103xb.o(.text)
    USART2_IRQHandler                        0x080001ab   Thumb Code     0  startup_stm32f103xb.o(.text)
    USART3_IRQHandler                        0x080001ab   Thumb Code     0  startup_stm32f103xb.o(.text)
    USBWakeUp_IRQHandler                     0x080001ab   Thumb Code     0  startup_stm32f103xb.o(.text)
    USB_HP_CAN1_TX_IRQHandler                0x080001ab   Thumb Code     0  startup_stm32f103xb.o(.text)
    USB_LP_CAN1_RX0_IRQHandler               0x080001ab   Thumb Code     0  startup_stm32f103xb.o(.text)
    WWDG_IRQHandler                          0x080001ab   Thumb Code     0  startup_stm32f103xb.o(.text)
    __user_initial_stackheap                 0x080001ad   Thumb Code     0  startup_stm32f103xb.o(.text)
    __2sprintf                               0x080001d1   Thumb Code    34  noretval__2sprintf.o(.text)
    _printf_pre_padding                      0x080001f9   Thumb Code    44  _printf_pad.o(.text)
    _printf_post_padding                     0x08000225   Thumb Code    34  _printf_pad.o(.text)
    _printf_int_dec                          0x08000249   Thumb Code   104  _printf_dec.o(.text)
    __printf                                 0x080002c1   Thumb Code   270  __printf_wp.o(.text)
    __use_two_region_memory                  0x080003cf   Thumb Code     2  heapauxi.o(.text)
    __rt_heap_escrow$2region                 0x080003d1   Thumb Code     2  heapauxi.o(.text)
    __rt_heap_expand$2region                 0x080003d3   Thumb Code     2  heapauxi.o(.text)
    _printf_int_common                       0x080003d5   Thumb Code   178  _printf_intcommon.o(.text)
    _printf_char_common                      0x08000493   Thumb Code    32  _printf_char_common.o(.text)
    _sputc                                   0x080004b9   Thumb Code    10  _sputc.o(.text)
    __user_setup_stackheap                   0x080004c3   Thumb Code    74  sys_stackheap_outer.o(.text)
    exit                                     0x0800050d   Thumb Code    18  exit.o(.text)
    __user_libspace                          0x08000521   Thumb Code     8  libspace.o(.text)
    __user_perproc_libspace                  0x08000521   Thumb Code     0  libspace.o(.text)
    __user_perthread_libspace                0x08000521   Thumb Code     0  libspace.o(.text)
    _sys_exit                                0x08000529   Thumb Code     8  sys_exit.o(.text)
    __I$use$semihosting                      0x08000535   Thumb Code     0  use_no_semi.o(.text)
    __use_no_semihosting_swi                 0x08000535   Thumb Code     2  use_no_semi.o(.text)
    __semihosting_library_function           0x08000537   Thumb Code     0  indicate_semi.o(.text)
    ADC1_2_IRQHandler                        0x08000539   Thumb Code    12  stm32f1xx_it.o(.text.ADC1_2_IRQHandler)
    BusFault_Handler                         0x08000545   Thumb Code     2  stm32f1xx_it.o(.text.BusFault_Handler)
    DMA1_Channel1_IRQHandler                 0x08000549   Thumb Code    12  stm32f1xx_it.o(.text.DMA1_Channel1_IRQHandler)
    DebugMon_Handler                         0x08000555   Thumb Code     2  stm32f1xx_it.o(.text.DebugMon_Handler)
    EE_Init                                  0x08000559   Thumb Code  4338  eeprom.o(.text.EE_Init)
    EE_ReadVariable                          0x0800164d   Thumb Code   132  eeprom.o(.text.EE_ReadVariable)
    EE_WriteVariable                         0x080016d1   Thumb Code  1312  eeprom.o(.text.EE_WriteVariable)
    EXTI15_10_IRQHandler                     0x08001bf1   Thumb Code     8  stm32f1xx_it.o(.text.EXTI15_10_IRQHandler)
    EXTI1_IRQHandler                         0x08001bf9   Thumb Code     6  stm32f1xx_it.o(.text.EXTI1_IRQHandler)
    Error_Handler                            0x08001c01   Thumb Code    10  main.o(.text.Error_Handler)
    FLASH_WaitForLastOperation               0x08001c0d   Thumb Code   224  stm32f1xx_hal_flash.o(.text.FLASH_WaitForLastOperation)
    HAL_ADCEx_InjectedConvCpltCallback       0x08001ced   Thumb Code     2  stm32f1xx_hal_adc_ex.o(.text.HAL_ADCEx_InjectedConvCpltCallback)
    HAL_ADC_ConfigChannel                    0x08001cf1   Thumb Code   396  stm32f1xx_hal_adc.o(.text.HAL_ADC_ConfigChannel)
    HAL_ADC_ConvCpltCallback                 0x08001e7d   Thumb Code     2  stm32f1xx_hal_adc.o(.text.HAL_ADC_ConvCpltCallback)
    HAL_ADC_IRQHandler                       0x08001e81   Thumb Code   238  stm32f1xx_hal_adc.o(.text.HAL_ADC_IRQHandler)
    HAL_ADC_Init                             0x08001f71   Thumb Code   348  stm32f1xx_hal_adc.o(.text.HAL_ADC_Init)
    HAL_ADC_LevelOutOfWindowCallback         0x080020cd   Thumb Code     2  stm32f1xx_hal_adc.o(.text.HAL_ADC_LevelOutOfWindowCallback)
    HAL_ADC_MspInit                          0x080020d1   Thumb Code   178  adc.o(.text.HAL_ADC_MspInit)
    HAL_DMA_IRQHandler                       0x08002185   Thumb Code   416  stm32f1xx_hal_dma.o(.text.HAL_DMA_IRQHandler)
    HAL_DMA_Init                             0x08002325   Thumb Code   136  stm32f1xx_hal_dma.o(.text.HAL_DMA_Init)
    HAL_Delay                                0x080023ad   Thumb Code    40  stm32f1xx_hal.o(.text.HAL_Delay)
    HAL_FLASHEx_Erase                        0x080023d5   Thumb Code   238  stm32f1xx_hal_flash_ex.o(.text.HAL_FLASHEx_Erase)
    HAL_FLASH_Program                        0x080024c5   Thumb Code   172  stm32f1xx_hal_flash.o(.text.HAL_FLASH_Program)
    HAL_FLASH_Unlock                         0x08002571   Thumb Code    46  stm32f1xx_hal_flash.o(.text.HAL_FLASH_Unlock)
    HAL_GPIO_EXTI_Callback                   0x080025a1   Thumb Code   174  main.o(.text.HAL_GPIO_EXTI_Callback)
    HAL_GPIO_EXTI_IRQHandler                 0x08002651   Thumb Code    22  stm32f1xx_hal_gpio.o(.text.HAL_GPIO_EXTI_IRQHandler)
    HAL_GPIO_Init                            0x08002669   Thumb Code   538  stm32f1xx_hal_gpio.o(.text.HAL_GPIO_Init)
    HAL_GPIO_ReadPin                         0x08002885   Thumb Code    10  stm32f1xx_hal_gpio.o(.text.HAL_GPIO_ReadPin)
    HAL_GPIO_TogglePin                       0x08002891   Thumb Code    16  stm32f1xx_hal_gpio.o(.text.HAL_GPIO_TogglePin)
    HAL_GPIO_WritePin                        0x080028a1   Thumb Code    10  stm32f1xx_hal_gpio.o(.text.HAL_GPIO_WritePin)
    HAL_GetTick                              0x080028ad   Thumb Code    12  stm32f1xx_hal.o(.text.HAL_GetTick)
    HAL_IncTick                              0x080028b9   Thumb Code    26  stm32f1xx_hal.o(.text.HAL_IncTick)
    HAL_Init                                 0x080028d5   Thumb Code    38  stm32f1xx_hal.o(.text.HAL_Init)
    HAL_InitTick                             0x080028fd   Thumb Code    72  stm32f1xx_hal.o(.text.HAL_InitTick)
    HAL_MspInit                              0x08002945   Thumb Code    66  stm32f1xx_hal_msp.o(.text.HAL_MspInit)
    HAL_NVIC_EnableIRQ                       0x08002989   Thumb Code    38  stm32f1xx_hal_cortex.o(.text.HAL_NVIC_EnableIRQ)
    HAL_NVIC_SetPriority                     0x080029b1   Thumb Code    86  stm32f1xx_hal_cortex.o(.text.HAL_NVIC_SetPriority)
    HAL_NVIC_SetPriorityGrouping             0x08002a09   Thumb Code    32  stm32f1xx_hal_cortex.o(.text.HAL_NVIC_SetPriorityGrouping)
    HAL_PWR_DisableSleepOnExit               0x08002a29   Thumb Code    18  stm32f1xx_hal_pwr.o(.text.HAL_PWR_DisableSleepOnExit)
    HAL_PWR_EnableBkUpAccess                 0x08002a3d   Thumb Code    12  stm32f1xx_hal_pwr.o(.text.HAL_PWR_EnableBkUpAccess)
    HAL_RCCEx_GetPeriphCLKFreq               0x08002a49   Thumb Code   220  stm32f1xx_hal_rcc_ex.o(.text.HAL_RCCEx_GetPeriphCLKFreq)
    HAL_RCCEx_PeriphCLKConfig                0x08002b39   Thumb Code   266  stm32f1xx_hal_rcc_ex.o(.text.HAL_RCCEx_PeriphCLKConfig)
    HAL_RCC_ClockConfig                      0x08002c45   Thumb Code   446  stm32f1xx_hal_rcc.o(.text.HAL_RCC_ClockConfig)
    HAL_RCC_GetPCLK1Freq                     0x08002e05   Thumb Code    38  stm32f1xx_hal_rcc.o(.text.HAL_RCC_GetPCLK1Freq)
    HAL_RCC_GetPCLK2Freq                     0x08002e2d   Thumb Code    38  stm32f1xx_hal_rcc.o(.text.HAL_RCC_GetPCLK2Freq)
    HAL_RCC_OscConfig                        0x08002e55   Thumb Code   948  stm32f1xx_hal_rcc.o(.text.HAL_RCC_OscConfig)
    HAL_RTC_Init                             0x08003209   Thumb Code   244  stm32f1xx_hal_rtc.o(.text.HAL_RTC_Init)
    HAL_RTC_MspInit                          0x080032fd   Thumb Code    70  rtc.o(.text.HAL_RTC_MspInit)
    HAL_RTC_SetDate                          0x08003345   Thumb Code   528  stm32f1xx_hal_rtc.o(.text.HAL_RTC_SetDate)
    HAL_RTC_SetTime                          0x08003555   Thumb Code   352  stm32f1xx_hal_rtc.o(.text.HAL_RTC_SetTime)
    HAL_ResumeTick                           0x080036b5   Thumb Code    18  stm32f1xx_hal.o(.text.HAL_ResumeTick)
    HAL_SYSTICK_Callback                     0x080036c9   Thumb Code    54  main.o(.text.HAL_SYSTICK_Callback)
    HAL_SYSTICK_Config                       0x08003701   Thumb Code    44  stm32f1xx_hal_cortex.o(.text.HAL_SYSTICK_Config)
    HAL_SYSTICK_IRQHandler                   0x0800372d   Thumb Code     4  stm32f1xx_hal_cortex.o(.text.HAL_SYSTICK_IRQHandler)
    HAL_TIMEx_BreakCallback                  0x08003731   Thumb Code     2  stm32f1xx_hal_tim_ex.o(.text.HAL_TIMEx_BreakCallback)
    HAL_TIMEx_CommutCallback                 0x08003735   Thumb Code     2  stm32f1xx_hal_tim_ex.o(.text.HAL_TIMEx_CommutCallback)
    HAL_TIMEx_ConfigBreakDeadTime            0x08003739   Thumb Code    76  stm32f1xx_hal_tim_ex.o(.text.HAL_TIMEx_ConfigBreakDeadTime)
    HAL_TIMEx_MasterConfigSynchronization    0x08003785   Thumb Code   122  stm32f1xx_hal_tim_ex.o(.text.HAL_TIMEx_MasterConfigSynchronization)
    HAL_TIM_Base_Init                        0x08003801   Thumb Code   236  stm32f1xx_hal_tim.o(.text.HAL_TIM_Base_Init)
    HAL_TIM_Base_MspInit                     0x080038ed   Thumb Code   164  tim.o(.text.HAL_TIM_Base_MspInit)
    HAL_TIM_Base_Start_IT                    0x08003991   Thumb Code   110  stm32f1xx_hal_tim.o(.text.HAL_TIM_Base_Start_IT)
    HAL_TIM_ConfigClockSource                0x08003a01   Thumb Code   412  stm32f1xx_hal_tim.o(.text.HAL_TIM_ConfigClockSource)
    HAL_TIM_GenerateEvent                    0x08003b9d   Thumb Code    36  stm32f1xx_hal_tim.o(.text.HAL_TIM_GenerateEvent)
    HAL_TIM_IC_CaptureCallback               0x08003bc1   Thumb Code     2  stm32f1xx_hal_tim.o(.text.HAL_TIM_IC_CaptureCallback)
    HAL_TIM_IRQHandler                       0x08003bc5   Thumb Code   368  stm32f1xx_hal_tim.o(.text.HAL_TIM_IRQHandler)
    HAL_TIM_OC_ConfigChannel                 0x08003d35   Thumb Code   418  stm32f1xx_hal_tim.o(.text.HAL_TIM_OC_ConfigChannel)
    HAL_TIM_OC_DelayElapsedCallback          0x08003ed9   Thumb Code   436  user_buzzer.o(.text.HAL_TIM_OC_DelayElapsedCallback)
    HAL_TIM_OC_Init                          0x0800408d   Thumb Code   236  stm32f1xx_hal_tim.o(.text.HAL_TIM_OC_Init)
    HAL_TIM_OC_MspInit                       0x08004179   Thumb Code     2  stm32f1xx_hal_tim.o(.text.HAL_TIM_OC_MspInit)
    HAL_TIM_OC_Start_IT                      0x0800417d   Thumb Code   280  stm32f1xx_hal_tim.o(.text.HAL_TIM_OC_Start_IT)
    HAL_TIM_OC_Stop_IT                       0x08004295   Thumb Code   190  stm32f1xx_hal_tim.o(.text.HAL_TIM_OC_Stop_IT)
    HAL_TIM_PWM_ConfigChannel                0x08004355   Thumb Code   524  stm32f1xx_hal_tim.o(.text.HAL_TIM_PWM_ConfigChannel)
    HAL_TIM_PWM_Init                         0x08004561   Thumb Code   236  stm32f1xx_hal_tim.o(.text.HAL_TIM_PWM_Init)
    HAL_TIM_PWM_MspInit                      0x0800464d   Thumb Code    50  tim.o(.text.HAL_TIM_PWM_MspInit)
    HAL_TIM_PWM_PulseFinishedCallback        0x08004681   Thumb Code     2  stm32f1xx_hal_tim.o(.text.HAL_TIM_PWM_PulseFinishedCallback)
    HAL_TIM_PWM_Start                        0x08004685   Thumb Code   222  stm32f1xx_hal_tim.o(.text.HAL_TIM_PWM_Start)
    HAL_TIM_PWM_Stop                         0x08004765   Thumb Code   178  stm32f1xx_hal_tim.o(.text.HAL_TIM_PWM_Stop)
    HAL_TIM_PeriodElapsedCallback            0x08004819   Thumb Code   168  sevensegment.o(.text.HAL_TIM_PeriodElapsedCallback)
    HAL_TIM_TriggerCallback                  0x080048c1   Thumb Code     2  stm32f1xx_hal_tim.o(.text.HAL_TIM_TriggerCallback)
    HAL_UART_Init                            0x080048c5   Thumb Code   226  stm32f1xx_hal_uart.o(.text.HAL_UART_Init)
    HAL_UART_MspInit                         0x080049a9   Thumb Code   122  usart.o(.text.HAL_UART_MspInit)
    HardFault_Handler                        0x08004a25   Thumb Code     2  stm32f1xx_it.o(.text.HardFault_Handler)
    MX_ADC1_Init                             0x08004a29   Thumb Code   184  adc.o(.text.MX_ADC1_Init)
    MX_DMA_Init                              0x08004ae1   Thumb Code    52  dma.o(.text.MX_DMA_Init)
    MX_GPIO_Init                             0x08004b15   Thumb Code   244  gpio.o(.text.MX_GPIO_Init)
    MX_RTC_Init                              0x08004c09   Thumb Code   112  rtc.o(.text.MX_RTC_Init)
    MX_TIM1_Init                             0x08004c79   Thumb Code   386  tim.o(.text.MX_TIM1_Init)
    MX_TIM2_Init                             0x08004dfd   Thumb Code   356  tim.o(.text.MX_TIM2_Init)
    MX_TIM3_Init                             0x08004f61   Thumb Code   190  tim.o(.text.MX_TIM3_Init)
    MX_TIM4_Init                             0x08005021   Thumb Code   116  tim.o(.text.MX_TIM4_Init)
    MX_USART3_UART_Init                      0x08005095   Thumb Code    60  usart.o(.text.MX_USART3_UART_Init)
    MemManage_Handler                        0x080050d1   Thumb Code     2  stm32f1xx_it.o(.text.MemManage_Handler)
    NMI_Handler                              0x080050d5   Thumb Code     2  stm32f1xx_it.o(.text.NMI_Handler)
    PendSV_Handler                           0x080050d9   Thumb Code     2  stm32f1xx_it.o(.text.PendSV_Handler)
    PunctualTimeoutCheck                     0x080050dd   Thumb Code    56  user_punc.o(.text.PunctualTimeoutCheck)
    PunctualTimeoutSet                       0x08005115   Thumb Code    18  user_punc.o(.text.PunctualTimeoutSet)
    SVC_Handler                              0x08005129   Thumb Code     2  stm32f1xx_it.o(.text.SVC_Handler)
    SysTick_Handler                          0x0800512d   Thumb Code    14  stm32f1xx_it.o(.text.SysTick_Handler)
    SystemInit                               0x0800513d   Thumb Code     2  system_stm32f1xx.o(.text.SystemInit)
    TIM3_IRQHandler                          0x08005141   Thumb Code    12  stm32f1xx_it.o(.text.TIM3_IRQHandler)
    TIM4_IRQHandler                          0x0800514d   Thumb Code    12  stm32f1xx_it.o(.text.TIM4_IRQHandler)
    UsageFault_Handler                       0x08005159   Thumb Code     2  stm32f1xx_it.o(.text.UsageFault_Handler)
    blink_segs                               0x0800515d   Thumb Code    20  sevensegment.o(.text.blink_segs)
    eeprom_read_values                       0x08005171   Thumb Code   104  user_eeprom.o(.text.eeprom_read_values)
    eeprom_write_defaults                    0x080051d9   Thumb Code    96  user_eeprom.o(.text.eeprom_write_defaults)
    init_segs                                0x08005239   Thumb Code    70  sevensegment.o(.text.init_segs)
    isKeyPress                               0x08005281   Thumb Code    20  keypad.o(.text.isKeyPress)
    keypadRead                               0x08005295   Thumb Code   302  keypad.o(.text.keypadRead)
    main                                     0x080053c5   Thumb Code   600  main.o(.text.main)
    mute_tone                                0x08005629   Thumb Code    34  user_buzzer.o(.text.mute_tone)
    play_tone                                0x0800564d   Thumb Code    80  user_buzzer.o(.text.play_tone)
    play_tone_reverse                        0x0800569d   Thumb Code   218  user_buzzer.o(.text.play_tone_reverse)
    print_segs                               0x08005779   Thumb Code    28  sevensegment.o(.text.print_segs)
    show_seg                                 0x08005795   Thumb Code   290  sevensegment.o(.text.show_seg)
    _is_digit                                0x080058b7   Thumb Code    14  __printf_wp.o(i._is_digit)
    AHBPrescTable                            0x080058e6   Data          16  system_stm32f1xx.o(.rodata.AHBPrescTable)
    APBPrescTable                            0x080058f6   Data           8  system_stm32f1xx.o(.rodata.APBPrescTable)
    Region$$Table$$Base                      0x08005934   Number         0  anon$$obj.o(Region$$Table)
    Region$$Table$$Limit                     0x08005954   Number         0  anon$$obj.o(Region$$Table)
    uwTickFreq                               0x20000000   Data           1  stm32f1xx_hal.o(.data..L_MergedGlobals)
    uwTickPrio                               0x20000004   Data           4  stm32f1xx_hal.o(.data..L_MergedGlobals)
    SystemCoreClock                          0x20000008   Data           4  system_stm32f1xx.o(.data.SystemCoreClock)
    __libspace_start                         0x20000010   Data          96  libspace.o(.bss)
    __temporary_stack_top$libspace           0x20000070   Data           0  libspace.o(.bss)
    local_tone                               0x20000074   Data           4  user_buzzer.o(.bss..L_MergedGlobals)
    state                                    0x20000078   Data           1  main.o(.bss..L_MergedGlobals)
    DataVar                                  0x20000088   Data           2  eeprom.o(.bss..L_MergedGlobals)
    VirtAddVarTab                            0x2000008a   Data           6  eeprom.o(.bss..L_MergedGlobals)
    EEValue_PWM                              0x20000090   Data           2  user_eeprom.o(.bss..L_MergedGlobals)
    EEValue_VHALLF                           0x20000092   Data           2  user_eeprom.o(.bss..L_MergedGlobals)
    EEValue_VHALLE                           0x20000094   Data           2  user_eeprom.o(.bss..L_MergedGlobals)
    EEValue_CURMOT                           0x20000096   Data           2  user_eeprom.o(.bss..L_MergedGlobals)
    EEValue_VOLBAT                           0x20000098   Data           2  user_eeprom.o(.bss..L_MergedGlobals)
    EEValue_CURBAT                           0x2000009a   Data           2  user_eeprom.o(.bss..L_MergedGlobals)
    hadc1                                    0x2000009c   Data          48  adc.o(.bss.hadc1)
    hdma_adc1                                0x200000cc   Data          68  adc.o(.bss.hdma_adc1)
    hrtc                                     0x20000110   Data          20  rtc.o(.bss.hrtc)
    htim1                                    0x20000124   Data          72  tim.o(.bss.htim1)
    htim2                                    0x2000016c   Data          72  tim.o(.bss.htim2)
    htim3                                    0x200001b4   Data          72  tim.o(.bss.htim3)
    htim4                                    0x200001fc   Data          72  tim.o(.bss.htim4)
    huart3                                   0x20000244   Data          72  usart.o(.bss.huart3)
    keypad                                   0x2000028c   Data          28  keypad.o(.bss.keypad)
    pFlash                                   0x200002a8   Data          32  stm32f1xx_hal_flash.o(.bss.pFlash)
    seg_value                                0x200002c8   Data           1  sevensegment.o(.bss.seg_value)
    uwTick                                   0x200002cc   Data           4  stm32f1xx_hal.o(.bss.uwTick)



==============================================================================

Memory Map of the image

  Image Entry point : 0x080000ed

  Load Region LR_IROM1 (Base: 0x08000000, Size: 0x00005968, Max: 0x00010000, ABSOLUTE)

    Execution Region ER_IROM1 (Exec base: 0x08000000, Load base: 0x08000000, Size: 0x00005954, Max: 0x00010000, ABSOLUTE)

    Exec Addr    Load Addr    Size         Type   Attr      Idx    E Section Name        Object

    0x08000000   0x08000000   0x000000ec   Data   RO            3    RESET               startup_stm32f103xb.o
    0x080000ec   0x080000ec   0x00000008   Code   RO         1335  * !!!main             c_w.l(__main.o)
    0x080000f4   0x080000f4   0x00000034   Code   RO         1509    !!!scatter          c_w.l(__scatter.o)
    0x08000128   0x08000128   0x0000001a   Code   RO         1511    !!handler_copy      c_w.l(__scatter_copy.o)
    0x08000142   0x08000142   0x00000002   PAD
    0x08000144   0x08000144   0x0000001c   Code   RO         1513    !!handler_zi        c_w.l(__scatter_zi.o)
    0x08000160   0x08000160   0x00000000   Code   RO         1328    .ARM.Collect$$_printf_percent$$00000000  c_w.l(_printf_percent.o)
    0x08000160   0x08000160   0x00000006   Code   RO         1327    .ARM.Collect$$_printf_percent$$00000009  c_w.l(_printf_d.o)
    0x08000166   0x08000166   0x00000004   Code   RO         1344    .ARM.Collect$$_printf_percent$$00000017  c_w.l(_printf_percent_end.o)
    0x0800016a   0x0800016a   0x00000002   Code   RO         1371    .ARM.Collect$$libinit$$00000000  c_w.l(libinit.o)
    0x0800016c   0x0800016c   0x00000000   Code   RO         1378    .ARM.Collect$$libinit$$00000002  c_w.l(libinit2.o)
    0x0800016c   0x0800016c   0x00000000   Code   RO         1380    .ARM.Collect$$libinit$$00000004  c_w.l(libinit2.o)
    0x0800016c   0x0800016c   0x00000000   Code   RO         1382    .ARM.Collect$$libinit$$00000006  c_w.l(libinit2.o)
    0x0800016c   0x0800016c   0x00000000   Code   RO         1385    .ARM.Collect$$libinit$$0000000C  c_w.l(libinit2.o)
    0x0800016c   0x0800016c   0x00000000   Code   RO         1387    .ARM.Collect$$libinit$$0000000E  c_w.l(libinit2.o)
    0x0800016c   0x0800016c   0x00000000   Code   RO         1389    .ARM.Collect$$libinit$$00000010  c_w.l(libinit2.o)
    0x0800016c   0x0800016c   0x00000000   Code   RO         1392    .ARM.Collect$$libinit$$00000013  c_w.l(libinit2.o)
    0x0800016c   0x0800016c   0x00000000   Code   RO         1394    .ARM.Collect$$libinit$$00000015  c_w.l(libinit2.o)
    0x0800016c   0x0800016c   0x00000000   Code   RO         1396    .ARM.Collect$$libinit$$00000017  c_w.l(libinit2.o)
    0x0800016c   0x0800016c   0x00000000   Code   RO         1398    .ARM.Collect$$libinit$$00000019  c_w.l(libinit2.o)
    0x0800016c   0x0800016c   0x00000000   Code   RO         1400    .ARM.Collect$$libinit$$0000001B  c_w.l(libinit2.o)
    0x0800016c   0x0800016c   0x00000000   Code   RO         1402    .ARM.Collect$$libinit$$0000001D  c_w.l(libinit2.o)
    0x0800016c   0x0800016c   0x00000000   Code   RO         1404    .ARM.Collect$$libinit$$0000001F  c_w.l(libinit2.o)
    0x0800016c   0x0800016c   0x00000000   Code   RO         1406    .ARM.Collect$$libinit$$00000021  c_w.l(libinit2.o)
    0x0800016c   0x0800016c   0x00000000   Code   RO         1408    .ARM.Collect$$libinit$$00000023  c_w.l(libinit2.o)
    0x0800016c   0x0800016c   0x00000000   Code   RO         1410    .ARM.Collect$$libinit$$00000025  c_w.l(libinit2.o)
    0x0800016c   0x0800016c   0x00000000   Code   RO         1412    .ARM.Collect$$libinit$$00000027  c_w.l(libinit2.o)
    0x0800016c   0x0800016c   0x00000000   Code   RO         1416    .ARM.Collect$$libinit$$0000002E  c_w.l(libinit2.o)
    0x0800016c   0x0800016c   0x00000000   Code   RO         1418    .ARM.Collect$$libinit$$00000030  c_w.l(libinit2.o)
    0x0800016c   0x0800016c   0x00000000   Code   RO         1420    .ARM.Collect$$libinit$$00000032  c_w.l(libinit2.o)
    0x0800016c   0x0800016c   0x00000000   Code   RO         1422    .ARM.Collect$$libinit$$00000034  c_w.l(libinit2.o)
    0x0800016c   0x0800016c   0x00000002   Code   RO         1423    .ARM.Collect$$libinit$$00000035  c_w.l(libinit2.o)
    0x0800016e   0x0800016e   0x00000002   Code   RO         1445    .ARM.Collect$$libshutdown$$00000000  c_w.l(libshutdown.o)
    0x08000170   0x08000170   0x00000000   Code   RO         1460    .ARM.Collect$$libshutdown$$00000002  c_w.l(libshutdown2.o)
    0x08000170   0x08000170   0x00000000   Code   RO         1462    .ARM.Collect$$libshutdown$$00000004  c_w.l(libshutdown2.o)
    0x08000170   0x08000170   0x00000000   Code   RO         1465    .ARM.Collect$$libshutdown$$00000007  c_w.l(libshutdown2.o)
    0x08000170   0x08000170   0x00000000   Code   RO         1468    .ARM.Collect$$libshutdown$$0000000A  c_w.l(libshutdown2.o)
    0x08000170   0x08000170   0x00000000   Code   RO         1470    .ARM.Collect$$libshutdown$$0000000C  c_w.l(libshutdown2.o)
    0x08000170   0x08000170   0x00000000   Code   RO         1473    .ARM.Collect$$libshutdown$$0000000F  c_w.l(libshutdown2.o)
    0x08000170   0x08000170   0x00000002   Code   RO         1474    .ARM.Collect$$libshutdown$$00000010  c_w.l(libshutdown2.o)
    0x08000172   0x08000172   0x00000000   Code   RO         1337    .ARM.Collect$$rtentry$$00000000  c_w.l(__rtentry.o)
    0x08000172   0x08000172   0x00000000   Code   RO         1346    .ARM.Collect$$rtentry$$00000002  c_w.l(__rtentry2.o)
    0x08000172   0x08000172   0x00000006   Code   RO         1358    .ARM.Collect$$rtentry$$00000004  c_w.l(__rtentry4.o)
    0x08000178   0x08000178   0x00000000   Code   RO         1348    .ARM.Collect$$rtentry$$00000009  c_w.l(__rtentry2.o)
    0x08000178   0x08000178   0x00000004   Code   RO         1349    .ARM.Collect$$rtentry$$0000000A  c_w.l(__rtentry2.o)
    0x0800017c   0x0800017c   0x00000000   Code   RO         1351    .ARM.Collect$$rtentry$$0000000C  c_w.l(__rtentry2.o)
    0x0800017c   0x0800017c   0x00000008   Code   RO         1352    .ARM.Collect$$rtentry$$0000000D  c_w.l(__rtentry2.o)
    0x08000184   0x08000184   0x00000002   Code   RO         1375    .ARM.Collect$$rtexit$$00000000  c_w.l(rtexit.o)
    0x08000186   0x08000186   0x00000000   Code   RO         1425    .ARM.Collect$$rtexit$$00000002  c_w.l(rtexit2.o)
    0x08000186   0x08000186   0x00000004   Code   RO         1426    .ARM.Collect$$rtexit$$00000003  c_w.l(rtexit2.o)
    0x0800018a   0x0800018a   0x00000006   Code   RO         1427    .ARM.Collect$$rtexit$$00000004  c_w.l(rtexit2.o)
    0x08000190   0x08000190   0x00000040   Code   RO            4    .text               startup_stm32f103xb.o
    0x080001d0   0x080001d0   0x00000028   Code   RO         1299    .text               c_w.l(noretval__2sprintf.o)
    0x080001f8   0x080001f8   0x0000004e   Code   RO         1303    .text               c_w.l(_printf_pad.o)
    0x08000246   0x08000246   0x00000002   PAD
    0x08000248   0x08000248   0x00000078   Code   RO         1305    .text               c_w.l(_printf_dec.o)
    0x080002c0   0x080002c0   0x0000010e   Code   RO         1315    .text               c_w.l(__printf_wp.o)
    0x080003ce   0x080003ce   0x00000006   Code   RO         1333    .text               c_w.l(heapauxi.o)
    0x080003d4   0x080003d4   0x000000b2   Code   RO         1338    .text               c_w.l(_printf_intcommon.o)
    0x08000486   0x08000486   0x00000002   PAD
    0x08000488   0x08000488   0x00000030   Code   RO         1340    .text               c_w.l(_printf_char_common.o)
    0x080004b8   0x080004b8   0x0000000a   Code   RO         1342    .text               c_w.l(_sputc.o)
    0x080004c2   0x080004c2   0x0000004a   Code   RO         1362    .text               c_w.l(sys_stackheap_outer.o)
    0x0800050c   0x0800050c   0x00000012   Code   RO         1364    .text               c_w.l(exit.o)
    0x0800051e   0x0800051e   0x00000002   PAD
    0x08000520   0x08000520   0x00000008   Code   RO         1372    .text               c_w.l(libspace.o)
    0x08000528   0x08000528   0x0000000c   Code   RO         1435    .text               c_w.l(sys_exit.o)
    0x08000534   0x08000534   0x00000002   Code   RO         1450    .text               c_w.l(use_no_semi.o)
    0x08000536   0x08000536   0x00000000   Code   RO         1452    .text               c_w.l(indicate_semi.o)
    0x08000536   0x08000536   0x00000002   PAD
    0x08000538   0x08000538   0x0000000c   Code   RO          216    .text.ADC1_2_IRQHandler  stm32f1xx_it.o
    0x08000544   0x08000544   0x00000002   Code   RO          202    .text.BusFault_Handler  stm32f1xx_it.o
    0x08000546   0x08000546   0x00000002   PAD
    0x08000548   0x08000548   0x0000000c   Code   RO          214    .text.DMA1_Channel1_IRQHandler  stm32f1xx_it.o
    0x08000554   0x08000554   0x00000002   Code   RO          208    .text.DebugMon_Handler  stm32f1xx_it.o
    0x08000556   0x08000556   0x00000002   PAD
    0x08000558   0x08000558   0x000010f2   Code   RO          264    .text.EE_Init       eeprom.o
    0x0800164a   0x0800164a   0x00000002   PAD
    0x0800164c   0x0800164c   0x00000084   Code   RO          266    .text.EE_ReadVariable  eeprom.o
    0x080016d0   0x080016d0   0x00000520   Code   RO          268    .text.EE_WriteVariable  eeprom.o
    0x08001bf0   0x08001bf0   0x00000008   Code   RO          224    .text.EXTI15_10_IRQHandler  stm32f1xx_it.o
    0x08001bf8   0x08001bf8   0x00000006   Code   RO          222    .text.EXTI1_IRQHandler  stm32f1xx_it.o
    0x08001bfe   0x08001bfe   0x00000002   PAD
    0x08001c00   0x08001c00   0x0000000a   Code   RO           79    .text.Error_Handler  main.o
    0x08001c0a   0x08001c0a   0x00000002   PAD
    0x08001c0c   0x08001c0c   0x000000e0   Code   RO          656    .text.FLASH_WaitForLastOperation  stm32f1xx_hal_flash.o
    0x08001cec   0x08001cec   0x00000002   Code   RO          388    .text.HAL_ADCEx_InjectedConvCpltCallback  stm32f1xx_hal_adc_ex.o
    0x08001cee   0x08001cee   0x00000002   PAD
    0x08001cf0   0x08001cf0   0x0000018c   Code   RO          352    .text.HAL_ADC_ConfigChannel  stm32f1xx_hal_adc.o
    0x08001e7c   0x08001e7c   0x00000002   Code   RO          344    .text.HAL_ADC_ConvCpltCallback  stm32f1xx_hal_adc.o
    0x08001e7e   0x08001e7e   0x00000002   PAD
    0x08001e80   0x08001e80   0x000000ee   Code   RO          342    .text.HAL_ADC_IRQHandler  stm32f1xx_hal_adc.o
    0x08001f6e   0x08001f6e   0x00000002   PAD
    0x08001f70   0x08001f70   0x0000015c   Code   RO          306    .text.HAL_ADC_Init  stm32f1xx_hal_adc.o
    0x080020cc   0x080020cc   0x00000002   Code   RO          346    .text.HAL_ADC_LevelOutOfWindowCallback  stm32f1xx_hal_adc.o
    0x080020ce   0x080020ce   0x00000002   PAD
    0x080020d0   0x080020d0   0x000000b2   Code   RO          113    .text.HAL_ADC_MspInit  adc.o
    0x08002182   0x08002182   0x00000002   PAD
    0x08002184   0x08002184   0x000001a0   Code   RO          552    .text.HAL_DMA_IRQHandler  stm32f1xx_hal_dma.o
    0x08002324   0x08002324   0x00000088   Code   RO          538    .text.HAL_DMA_Init  stm32f1xx_hal_dma.o
    0x080023ac   0x080023ac   0x00000028   Code   RO          422    .text.HAL_Delay     stm32f1xx_hal.o
    0x080023d4   0x080023d4   0x000000ee   Code   RO          687    .text.HAL_FLASHEx_Erase  stm32f1xx_hal_flash_ex.o
    0x080024c2   0x080024c2   0x00000002   PAD
    0x080024c4   0x080024c4   0x000000ac   Code   RO          654    .text.HAL_FLASH_Program  stm32f1xx_hal_flash.o
    0x08002570   0x08002570   0x0000002e   Code   RO          666    .text.HAL_FLASH_Unlock  stm32f1xx_hal_flash.o
    0x0800259e   0x0800259e   0x00000002   PAD
    0x080025a0   0x080025a0   0x000000ae   Code   RO           81    .text.HAL_GPIO_EXTI_Callback  main.o
    0x0800264e   0x0800264e   0x00000002   PAD
    0x08002650   0x08002650   0x00000016   Code   RO          526    .text.HAL_GPIO_EXTI_IRQHandler  stm32f1xx_hal_gpio.o
    0x08002666   0x08002666   0x00000002   PAD
    0x08002668   0x08002668   0x0000021a   Code   RO          514    .text.HAL_GPIO_Init  stm32f1xx_hal_gpio.o
    0x08002882   0x08002882   0x00000002   PAD
    0x08002884   0x08002884   0x0000000a   Code   RO          518    .text.HAL_GPIO_ReadPin  stm32f1xx_hal_gpio.o
    0x0800288e   0x0800288e   0x00000002   PAD
    0x08002890   0x08002890   0x00000010   Code   RO          522    .text.HAL_GPIO_TogglePin  stm32f1xx_hal_gpio.o
    0x080028a0   0x080028a0   0x0000000a   Code   RO          520    .text.HAL_GPIO_WritePin  stm32f1xx_hal_gpio.o
    0x080028aa   0x080028aa   0x00000002   PAD
    0x080028ac   0x080028ac   0x0000000c   Code   RO          414    .text.HAL_GetTick   stm32f1xx_hal.o
    0x080028b8   0x080028b8   0x0000001a   Code   RO          412    .text.HAL_IncTick   stm32f1xx_hal.o
    0x080028d2   0x080028d2   0x00000002   PAD
    0x080028d4   0x080028d4   0x00000026   Code   RO          402    .text.HAL_Init      stm32f1xx_hal.o
    0x080028fa   0x080028fa   0x00000002   PAD
    0x080028fc   0x080028fc   0x00000048   Code   RO          404    .text.HAL_InitTick  stm32f1xx_hal.o
    0x08002944   0x08002944   0x00000042   Code   RO          233    .text.HAL_MspInit   stm32f1xx_hal_msp.o
    0x08002986   0x08002986   0x00000002   PAD
    0x08002988   0x08002988   0x00000026   Code   RO          574    .text.HAL_NVIC_EnableIRQ  stm32f1xx_hal_cortex.o
    0x080029ae   0x080029ae   0x00000002   PAD
    0x080029b0   0x080029b0   0x00000056   Code   RO          572    .text.HAL_NVIC_SetPriority  stm32f1xx_hal_cortex.o
    0x08002a06   0x08002a06   0x00000002   PAD
    0x08002a08   0x08002a08   0x00000020   Code   RO          570    .text.HAL_NVIC_SetPriorityGrouping  stm32f1xx_hal_cortex.o
    0x08002a28   0x08002a28   0x00000012   Code   RO          636    .text.HAL_PWR_DisableSleepOnExit  stm32f1xx_hal_pwr.o
    0x08002a3a   0x08002a3a   0x00000002   PAD
    0x08002a3c   0x08002a3c   0x0000000c   Code   RO          612    .text.HAL_PWR_EnableBkUpAccess  stm32f1xx_hal_pwr.o
    0x08002a48   0x08002a48   0x000000f0   Code   RO          504    .text.HAL_RCCEx_GetPeriphCLKFreq  stm32f1xx_hal_rcc_ex.o
    0x08002b38   0x08002b38   0x0000010a   Code   RO          500    .text.HAL_RCCEx_PeriphCLKConfig  stm32f1xx_hal_rcc_ex.o
    0x08002c42   0x08002c42   0x00000002   PAD
    0x08002c44   0x08002c44   0x000001be   Code   RO          466    .text.HAL_RCC_ClockConfig  stm32f1xx_hal_rcc.o
    0x08002e02   0x08002e02   0x00000002   PAD
    0x08002e04   0x08002e04   0x00000026   Code   RO          478    .text.HAL_RCC_GetPCLK1Freq  stm32f1xx_hal_rcc.o
    0x08002e2a   0x08002e2a   0x00000002   PAD
    0x08002e2c   0x08002e2c   0x00000026   Code   RO          480    .text.HAL_RCC_GetPCLK2Freq  stm32f1xx_hal_rcc.o
    0x08002e52   0x08002e52   0x00000002   PAD
    0x08002e54   0x08002e54   0x000003b4   Code   RO          464    .text.HAL_RCC_OscConfig  stm32f1xx_hal_rcc.o
    0x08003208   0x08003208   0x000000f4   Code   RO          735    .text.HAL_RTC_Init  stm32f1xx_hal_rtc.o
    0x080032fc   0x080032fc   0x00000046   Code   RO          138    .text.HAL_RTC_MspInit  rtc.o
    0x08003342   0x08003342   0x00000002   PAD
    0x08003344   0x08003344   0x00000210   Code   RO          753    .text.HAL_RTC_SetDate  stm32f1xx_hal_rtc.o
    0x08003554   0x08003554   0x00000160   Code   RO          745    .text.HAL_RTC_SetTime  stm32f1xx_hal_rtc.o
    0x080036b4   0x080036b4   0x00000012   Code   RO          426    .text.HAL_ResumeTick  stm32f1xx_hal.o
    0x080036c6   0x080036c6   0x00000002   PAD
    0x080036c8   0x080036c8   0x00000036   Code   RO           75    .text.HAL_SYSTICK_Callback  main.o
    0x080036fe   0x080036fe   0x00000002   PAD
    0x08003700   0x08003700   0x0000002c   Code   RO          582    .text.HAL_SYSTICK_Config  stm32f1xx_hal_cortex.o
    0x0800372c   0x0800372c   0x00000004   Code   RO          598    .text.HAL_SYSTICK_IRQHandler  stm32f1xx_hal_cortex.o
    0x08003730   0x08003730   0x00000002   Code   RO         1122    .text.HAL_TIMEx_BreakCallback  stm32f1xx_hal_tim_ex.o
    0x08003732   0x08003732   0x00000002   PAD
    0x08003734   0x08003734   0x00000002   Code   RO         1118    .text.HAL_TIMEx_CommutCallback  stm32f1xx_hal_tim_ex.o
    0x08003736   0x08003736   0x00000002   PAD
    0x08003738   0x08003738   0x0000004c   Code   RO         1114    .text.HAL_TIMEx_ConfigBreakDeadTime  stm32f1xx_hal_tim_ex.o
    0x08003784   0x08003784   0x0000007a   Code   RO         1112    .text.HAL_TIMEx_MasterConfigSynchronization  stm32f1xx_hal_tim_ex.o
    0x080037fe   0x080037fe   0x00000002   PAD
    0x08003800   0x08003800   0x000000ec   Code   RO          817    .text.HAL_TIM_Base_Init  stm32f1xx_hal_tim.o
    0x080038ec   0x080038ec   0x000000a4   Code   RO          163    .text.HAL_TIM_Base_MspInit  tim.o
    0x08003990   0x08003990   0x0000006e   Code   RO          831    .text.HAL_TIM_Base_Start_IT  stm32f1xx_hal_tim.o
    0x080039fe   0x080039fe   0x00000002   PAD
    0x08003a00   0x08003a00   0x0000019c   Code   RO          997    .text.HAL_TIM_ConfigClockSource  stm32f1xx_hal_tim.o
    0x08003b9c   0x08003b9c   0x00000024   Code   RO          991    .text.HAL_TIM_GenerateEvent  stm32f1xx_hal_tim.o
    0x08003bc0   0x08003bc0   0x00000002   Code   RO          953    .text.HAL_TIM_IC_CaptureCallback  stm32f1xx_hal_tim.o
    0x08003bc2   0x08003bc2   0x00000002   PAD
    0x08003bc4   0x08003bc4   0x00000170   Code   RO          951    .text.HAL_TIM_IRQHandler  stm32f1xx_hal_tim.o
    0x08003d34   0x08003d34   0x000001a2   Code   RO          963    .text.HAL_TIM_OC_ConfigChannel  stm32f1xx_hal_tim.o
    0x08003ed6   0x08003ed6   0x00000002   PAD
    0x08003ed8   0x08003ed8   0x000001b4   Code   RO           48    .text.HAL_TIM_OC_DelayElapsedCallback  user_buzzer.o
    0x0800408c   0x0800408c   0x000000ec   Code   RO          845    .text.HAL_TIM_OC_Init  stm32f1xx_hal_tim.o
    0x08004178   0x08004178   0x00000002   Code   RO          847    .text.HAL_TIM_OC_MspInit  stm32f1xx_hal_tim.o
    0x0800417a   0x0800417a   0x00000002   PAD
    0x0800417c   0x0800417c   0x00000118   Code   RO          859    .text.HAL_TIM_OC_Start_IT  stm32f1xx_hal_tim.o
    0x08004294   0x08004294   0x000000be   Code   RO          861    .text.HAL_TIM_OC_Stop_IT  stm32f1xx_hal_tim.o
    0x08004352   0x08004352   0x00000002   PAD
    0x08004354   0x08004354   0x0000020c   Code   RO          971    .text.HAL_TIM_PWM_ConfigChannel  stm32f1xx_hal_tim.o
    0x08004560   0x08004560   0x000000ec   Code   RO          871    .text.HAL_TIM_PWM_Init  stm32f1xx_hal_tim.o
    0x0800464c   0x0800464c   0x00000032   Code   RO          161    .text.HAL_TIM_PWM_MspInit  tim.o
    0x0800467e   0x0800467e   0x00000002   PAD
    0x08004680   0x08004680   0x00000002   Code   RO          957    .text.HAL_TIM_PWM_PulseFinishedCallback  stm32f1xx_hal_tim.o
    0x08004682   0x08004682   0x00000002   PAD
    0x08004684   0x08004684   0x000000de   Code   RO          879    .text.HAL_TIM_PWM_Start  stm32f1xx_hal_tim.o
    0x08004762   0x08004762   0x00000002   PAD
    0x08004764   0x08004764   0x000000b2   Code   RO          881    .text.HAL_TIM_PWM_Stop  stm32f1xx_hal_tim.o
    0x08004816   0x08004816   0x00000002   PAD
    0x08004818   0x08004818   0x000000a8   Code   RO          244    .text.HAL_TIM_PeriodElapsedCallback  sevensegment.o
    0x080048c0   0x080048c0   0x00000002   Code   RO          961    .text.HAL_TIM_TriggerCallback  stm32f1xx_hal_tim.o
    0x080048c2   0x080048c2   0x00000002   PAD
    0x080048c4   0x080048c4   0x000000e2   Code   RO         1136    .text.HAL_UART_Init  stm32f1xx_hal_uart.o
    0x080049a6   0x080049a6   0x00000002   PAD
    0x080049a8   0x080049a8   0x0000007a   Code   RO          183    .text.HAL_UART_MspInit  usart.o
    0x08004a22   0x08004a22   0x00000002   PAD
    0x08004a24   0x08004a24   0x00000002   Code   RO          198    .text.HardFault_Handler  stm32f1xx_it.o
    0x08004a26   0x08004a26   0x00000002   PAD
    0x08004a28   0x08004a28   0x000000b8   Code   RO          111    .text.MX_ADC1_Init  adc.o
    0x08004ae0   0x08004ae0   0x00000034   Code   RO          127    .text.MX_DMA_Init   dma.o
    0x08004b14   0x08004b14   0x000000f4   Code   RO          102    .text.MX_GPIO_Init  gpio.o
    0x08004c08   0x08004c08   0x00000070   Code   RO          136    .text.MX_RTC_Init   rtc.o
    0x08004c78   0x08004c78   0x00000182   Code   RO          151    .text.MX_TIM1_Init  tim.o
    0x08004dfa   0x08004dfa   0x00000002   PAD
    0x08004dfc   0x08004dfc   0x00000164   Code   RO          155    .text.MX_TIM2_Init  tim.o
    0x08004f60   0x08004f60   0x000000be   Code   RO          157    .text.MX_TIM3_Init  tim.o
    0x0800501e   0x0800501e   0x00000002   PAD
    0x08005020   0x08005020   0x00000074   Code   RO          159    .text.MX_TIM4_Init  tim.o
    0x08005094   0x08005094   0x0000003c   Code   RO          181    .text.MX_USART3_UART_Init  usart.o
    0x080050d0   0x080050d0   0x00000002   Code   RO          200    .text.MemManage_Handler  stm32f1xx_it.o
    0x080050d2   0x080050d2   0x00000002   PAD
    0x080050d4   0x080050d4   0x00000002   Code   RO          196    .text.NMI_Handler   stm32f1xx_it.o
    0x080050d6   0x080050d6   0x00000002   PAD
    0x080050d8   0x080050d8   0x00000002   Code   RO          210    .text.PendSV_Handler  stm32f1xx_it.o
    0x080050da   0x080050da   0x00000002   PAD
    0x080050dc   0x080050dc   0x00000038   Code   RO           38    .text.PunctualTimeoutCheck  user_punc.o
    0x08005114   0x08005114   0x00000012   Code   RO           36    .text.PunctualTimeoutSet  user_punc.o
    0x08005126   0x08005126   0x00000002   PAD
    0x08005128   0x08005128   0x00000002   Code   RO          206    .text.SVC_Handler   stm32f1xx_it.o
    0x0800512a   0x0800512a   0x00000002   PAD
    0x0800512c   0x0800512c   0x0000000e   Code   RO          212    .text.SysTick_Handler  stm32f1xx_it.o
    0x0800513a   0x0800513a   0x00000002   PAD
    0x0800513c   0x0800513c   0x00000002   Code   RO         1256    .text.SystemInit    system_stm32f1xx.o
    0x0800513e   0x0800513e   0x00000002   PAD
    0x08005140   0x08005140   0x0000000c   Code   RO          218    .text.TIM3_IRQHandler  stm32f1xx_it.o
    0x0800514c   0x0800514c   0x0000000c   Code   RO          220    .text.TIM4_IRQHandler  stm32f1xx_it.o
    0x08005158   0x08005158   0x00000002   Code   RO          204    .text.UsageFault_Handler  stm32f1xx_it.o
    0x0800515a   0x0800515a   0x00000002   PAD
    0x0800515c   0x0800515c   0x00000014   Code   RO          250    .text.blink_segs    sevensegment.o
    0x08005170   0x08005170   0x00000068   Code   RO          279    .text.eeprom_read_values  user_eeprom.o
    0x080051d8   0x080051d8   0x00000060   Code   RO          281    .text.eeprom_write_defaults  user_eeprom.o
    0x08005238   0x08005238   0x00000046   Code   RO          246    .text.init_segs     sevensegment.o
    0x0800527e   0x0800527e   0x00000002   PAD
    0x08005280   0x08005280   0x00000014   Code   RO           19    .text.isKeyPress    keypad.o
    0x08005294   0x08005294   0x0000012e   Code   RO           15    .text.keypadRead    keypad.o
    0x080053c2   0x080053c2   0x00000002   PAD
    0x080053c4   0x080053c4   0x00000264   Code   RO           85    .text.main          main.o
    0x08005628   0x08005628   0x00000022   Code   RO           50    .text.mute_tone     user_buzzer.o
    0x0800564a   0x0800564a   0x00000002   PAD
    0x0800564c   0x0800564c   0x00000050   Code   RO           52    .text.play_tone     user_buzzer.o
    0x0800569c   0x0800569c   0x000000da   Code   RO           54    .text.play_tone_reverse  user_buzzer.o
    0x08005776   0x08005776   0x00000002   PAD
    0x08005778   0x08005778   0x0000001c   Code   RO          248    .text.print_segs    sevensegment.o
    0x08005794   0x08005794   0x00000122   Code   RO          242    .text.show_seg      sevensegment.o
    0x080058b6   0x080058b6   0x0000000e   Code   RO         1317    i._is_digit         c_w.l(__printf_wp.o)
    0x080058c4   0x080058c4   0x00000022   Data   RO           90    .rodata..L__const.main.freqs2  main.o
    0x080058e6   0x080058e6   0x00000010   Data   RO         1261    .rodata.AHBPrescTable  system_stm32f1xx.o
    0x080058f6   0x080058f6   0x00000008   Data   RO         1262    .rodata.APBPrescTable  system_stm32f1xx.o
    0x080058fe   0x080058fe   0x00000002   Data   RO          491    .rodata.HAL_RCC_GetSysClockFreq.aPredivFactorTable  stm32f1xx_hal_rcc.o
    0x08005900   0x08005900   0x00000010   Data   RO          490    .rodata.cst16       stm32f1xx_hal_rcc.o
    0x08005910   0x08005910   0x00000020   Data   RO         1037    .rodata.cst16       stm32f1xx_hal_tim.o
    0x08005930   0x08005930   0x00000004   Data   RO           91    .rodata.str1.1      main.o
    0x08005934   0x08005934   0x00000020   Data   RO         1508    Region$$Table       anon$$obj.o


    Execution Region RW_IRAM1 (Exec base: 0x20000000, Load base: 0x08005958, Size: 0x000008d0, Max: 0x00005000, ABSOLUTE)

    Exec Addr    Load Addr    Size         Type   Attr      Idx    E Section Name        Object

    0x20000000   0x08005958   0x00000008   Data   RW          453    .data..L_MergedGlobals  stm32f1xx_hal.o
    0x20000008   0x08005960   0x00000004   Data   RW         1260    .data.SystemCoreClock  system_stm32f1xx.o
    0x2000000c   0x08005964   0x00000001   Data   RW           56    .data.local_forward  user_buzzer.o
    0x2000000d   0x08005965   0x00000003   PAD
    0x20000010        -       0x00000060   Zero   RW         1373    .bss                c_w.l(libspace.o)
    0x20000070        -       0x00000008   Zero   RW           57    .bss..L_MergedGlobals  user_buzzer.o
    0x20000078        -       0x00000008   Zero   RW           93    .bss..L_MergedGlobals  main.o
    0x20000080        -       0x00000008   Zero   RW          255    .bss..L_MergedGlobals  sevensegment.o
    0x20000088        -       0x00000008   Zero   RW          270    .bss..L_MergedGlobals  eeprom.o
    0x20000090        -       0x0000000c   Zero   RW          283    .bss..L_MergedGlobals  user_eeprom.o
    0x2000009c        -       0x00000030   Zero   RW          117    .bss.hadc1          adc.o
    0x200000cc        -       0x00000044   Zero   RW          118    .bss.hdma_adc1      adc.o
    0x20000110        -       0x00000014   Zero   RW          142    .bss.hrtc           rtc.o
    0x20000124        -       0x00000048   Zero   RW          169    .bss.htim1          tim.o
    0x2000016c        -       0x00000048   Zero   RW          170    .bss.htim2          tim.o
    0x200001b4        -       0x00000048   Zero   RW          171    .bss.htim3          tim.o
    0x200001fc        -       0x00000048   Zero   RW          172    .bss.htim4          tim.o
    0x20000244        -       0x00000048   Zero   RW          187    .bss.huart3         usart.o
    0x2000028c        -       0x0000001c   Zero   RW           25    .bss.keypad         keypad.o
    0x200002a8        -       0x00000020   Zero   RW          678    .bss.pFlash         stm32f1xx_hal_flash.o
    0x200002c8        -       0x00000001   Zero   RW          254    .bss.seg_value      sevensegment.o
    0x200002c9   0x08005965   0x00000003   PAD
    0x200002cc        -       0x00000004   Zero   RW          452    .bss.uwTick         stm32f1xx_hal.o
    0x200002d0        -       0x00000200   Zero   RW            2    HEAP                startup_stm32f103xb.o
    0x200004d0        -       0x00000400   Zero   RW            1    STACK               startup_stm32f103xb.o


==============================================================================

Image component sizes


      Code (inc. data)   RO Data    RW Data    ZI Data      Debug   Object Name

       362          0          0          0        116       5330   adc.o
        52          0          0          0          0       2195   dma.o
      5782          0          0          0          8      25617   eeprom.o
       244          0          0          0          0       1647   gpio.o
       322          0          0          0         28       2876   keypad.o
       850         12         38          0          8       8085   main.o
       182          0          0          0         20       2594   rtc.o
       576         68          0          0          9       5534   sevensegment.o
        64         26        236          0       1536        820   startup_stm32f103xb.o
       206          0          0          8          4       5769   stm32f1xx_hal.o
       986          0          0          0          0      13244   stm32f1xx_hal_adc.o
         2          0          0          0          0       9533   stm32f1xx_hal_adc_ex.o
       204          0          0          0          0       8527   stm32f1xx_hal_cortex.o
       552          0          0          0          0       8466   stm32f1xx_hal_dma.o
       442          0          0          0         32       5552   stm32f1xx_hal_flash.o
       238          0          0          0          0       6989   stm32f1xx_hal_flash_ex.o
       596         22          0          0          0       4597   stm32f1xx_hal_gpio.o
        66          0          0          0          0       1224   stm32f1xx_hal_msp.o
        30          0          0          0          0       4227   stm32f1xx_hal_pwr.o
      1470          0         18          0          0       7699   stm32f1xx_hal_rcc.o
       506         20          0          0          0       3600   stm32f1xx_hal_rcc_ex.o
      1124          0          0          0          0      19438   stm32f1xx_hal_rtc.o
      3454         12         32          0          0      55186   stm32f1xx_hal_tim.o
       202          0          0          0          0      20753   stm32f1xx_hal_tim_ex.o
       226          0          0          0          0      32358   stm32f1xx_hal_uart.o
        92          0          0          0          0       5838   stm32f1xx_it.o
         2          0         24          4          0       1649   system_stm32f1xx.o
      1262          0          0          0        288       9256   tim.o
       182          0          0          0         72       4335   usart.o
       768          0          0          1          8       4991   user_buzzer.o
       200          0          0          0         12       1338   user_eeprom.o
        74          0          0          0          0       1543   user_punc.o

    ----------------------------------------------------------------------
     21438        160        380         16       2144     290810   Object Totals
         0          0         32          0          0          0   (incl. Generated)
       120          0          0          3          3          0   (incl. Padding)

    ----------------------------------------------------------------------

      Code (inc. data)   RO Data    RW Data    ZI Data      Debug   Library Member Name

         8          0          0          0          0         68   __main.o
       284          0          0          0          0        156   __printf_wp.o
         0          0          0          0          0          0   __rtentry.o
        12          0          0          0          0          0   __rtentry2.o
         6          0          0          0          0          0   __rtentry4.o
        52          8          0          0          0          0   __scatter.o
        26          0          0          0          0          0   __scatter_copy.o
        28          0          0          0          0          0   __scatter_zi.o
        48          6          0          0          0         96   _printf_char_common.o
         6          0          0          0          0          0   _printf_d.o
       120         16          0          0          0         92   _printf_dec.o
       178          0          0          0          0         88   _printf_intcommon.o
        78          0          0          0          0        108   _printf_pad.o
         0          0          0          0          0          0   _printf_percent.o
         4          0          0          0          0          0   _printf_percent_end.o
        10          0          0          0          0         68   _sputc.o
        18          0          0          0          0         80   exit.o
         6          0          0          0          0        152   heapauxi.o
         0          0          0          0          0          0   indicate_semi.o
         2          0          0          0          0          0   libinit.o
         2          0          0          0          0          0   libinit2.o
         2          0          0          0          0          0   libshutdown.o
         2          0          0          0          0          0   libshutdown2.o
         8          4          0          0         96         68   libspace.o
        40          6          0          0          0         84   noretval__2sprintf.o
         2          0          0          0          0          0   rtexit.o
        10          0          0          0          0          0   rtexit2.o
        12          4          0          0          0         68   sys_exit.o
        74          0          0          0          0         80   sys_stackheap_outer.o
         2          0          0          0          0         68   use_no_semi.o

    ----------------------------------------------------------------------
      1050         44          0          0         96       1276   Library Totals
        10          0          0          0          0          0   (incl. Padding)

    ----------------------------------------------------------------------

      Code (inc. data)   RO Data    RW Data    ZI Data      Debug   Library Name

      1040         44          0          0         96       1276   c_w.l

    ----------------------------------------------------------------------
      1050         44          0          0         96       1276   Library Totals

    ----------------------------------------------------------------------

==============================================================================


      Code (inc. data)   RO Data    RW Data    ZI Data      Debug   

     22488        204        380         16       2240     290962   Grand Totals
     22488        204        380         16       2240     290962   ELF Image Totals
     22488        204        380         16          0          0   ROM Totals

==============================================================================

    Total RO  Size (Code + RO Data)                22868 (  22.33kB)
    Total RW  Size (RW Data + ZI Data)              2256 (   2.20kB)
    Total ROM Size (Code + RO Data + RW Data)      22884 (  22.35kB)

==============================================================================

