<html>
<body>
<pre>
<h1>µVision Build Log</h1>
<h2>Tool Versions:</h2>
IDE-Version: µVision V5.39.0.0
Copyright (C) 2023 ARM Ltd and ARM Germany GmbH. All rights reserved.
License Information: mm mm, acam, LIC=FYKYW-QYF52-8TC3P-MHZ4U-HNE0A-KVADH
 
Tool Versions:
Toolchain:       MDK-ARM Plus  Version: 5.39.0.0
Toolchain Path:  C:\Keil_v5\ARM\ARMCLANG\Bin
C Compiler:      ArmClang.exe V6.21
Assembler:       Armasm.exe V6.21
Linker/Locator:  ArmLink.exe V6.21
Library Manager: ArmAr.exe V6.21
Hex Converter:   FromElf.exe V6.21
CPU DLL:         SARMCM3.DLL V5.39.0.0
Dialog DLL:      DCM.DLL V1.17.5.0
Target DLL:      STLink\ST-LINKIII-KEIL_SWO.dll V3.2.0.0
Dialog DLL:      TCM.DLL V1.56.4.0
 
<h2>Project:</h2>
I:\Mofidi\WORKSPACE\kashefi\SyringeDriver_7seg\SyringeDriver\Firmware\SyringeDriverHW10_Keil\MDK-ARM\SyringeDriverHW10_Keil.uvprojx
Project File Date:  05/19/2024

<h2>Output:</h2>
*** Using Compiler 'V6.21', folder: 'C:\Keil_v5\ARM\ARMCLANG\Bin'
Build target 'SyringeDriverHW10_Keil'
assembling startup_stm32f103xb.s...
compiling user_eeprom.c...
compiling user_buzzer.c...
compiling user_stdout.c...
compiling user_pwr.c...
compiling user_sevensegment.c...
compiling user_keypad.c...
compiling user_punc.c...
compiling eeprom.c...
compiling Tones_Pitches.c...
compiling user_syringe.c...
compiling user_motor.c...
compiling user_adc.c...
compiling user_hall.c...
compiling gpio.c...
compiling adc.c...
compiling dma.c...
../Core/Src/main.c(152): warning: while loop has empty body [-Wempty-body]
  152 |         while(!sysTick_flag2s);
      |                               ^
../Core/Src/main.c(152): note: put the semicolon on a separate line to silence this warning
1 warning generated.
compiling main.c...
compiling rtc.c...
compiling usart.c...
compiling tim.c...
compiling stm32f1xx_it.c...
compiling stm32f1xx_hal_gpio_ex.c...
compiling stm32f1xx_hal_msp.c...
compiling stm32f1xx_hal.c...
compiling stm32f1xx_hal_adc.c...
compiling stm32f1xx_hal_adc_ex.c...
compiling stm32f1xx_hal_rcc_ex.c...
compiling stm32f1xx_hal_rcc.c...
compiling stm32f1xx_hal_gpio.c...
compiling stm32f1xx_hal_cortex.c...
compiling stm32f1xx_hal_pwr.c...
compiling stm32f1xx_hal_dma.c...
compiling stm32f1xx_hal_flash.c...
compiling stm32f1xx_hal_exti.c...
compiling stm32f1xx_hal_flash_ex.c...
compiling stm32f1xx_hal_rtc_ex.c...
compiling stm32f1xx_hal_rtc.c...
compiling stm32f1xx_hal_tim_ex.c...
compiling system_stm32f1xx.c...
compiling retarget_io.c...
compiling stm32f1xx_hal_tim.c...
compiling stm32f1xx_hal_uart.c...
linking...
Program Size: Code=48768 RO-data=1012 RW-data=420 ZI-data=2548  
FromELF: creating hex file...
"SyringeDriverHW10_Keil\SyringeDriverHW10_Keil.axf" - 0 Error(s), 1 Warning(s).

<h2>Software Packages used:</h2>

Package Vendor: Keil
                https://www.keil.com/pack/Keil.ARM_Compiler.1.7.2.pack
                Keil::ARM_Compiler@1.7.2
                Keil ARM Compiler extensions for ARM Compiler 5 and ARM Compiler 6
   * Component: STDOUT Variant: User Version: 1.2.0

Package Vendor: Keil
                http://www.keil.com/pack/Keil.STM32F1xx_DFP.2.3.0.pack
                Keil::STM32F1xx_DFP@2.3.0
                STMicroelectronics STM32F1 Series Device Support, Drivers and Examples

<h2>Collection of Component include folders:</h2>
  ./RTE/_SyringeDriverHW10_Keil
  C:/Users/Mofidi/AppData/Local/Arm/Packs/Keil/STM32F1xx_DFP/2.3.0/Device/Include

<h2>Collection of Component Files used:</h2>

   * Component: Keil::Compiler&ARM Compiler:I/O:STDOUT&User@1.2.0
      Source file:   Source/retarget_io.c
      Source file:   Template/stdout_USART.c
      Source file:   Template/stdout_user.c
      Source file:   Template/stdout_display.c
Build Time Elapsed:  00:00:06
</pre>
</body>
</html>
