<html>
<body>
<pre>
<h1>µVision Build Log</h1>
<h2>Tool Versions:</h2>
IDE-Version: µVision V5.33.0.0
Copyright (C) 2020 ARM Ltd and ARM Germany GmbH. All rights reserved.
License Information: mm mm, acam, LIC=PE7DL-0JACW-01NP1-CSPC8-T55IX-BRTUX
 
Tool Versions:
Toolchain:       MDK-ARM Plus  Version: 5.33.0.0
Toolchain Path:  C:\Keil_v5\ARM\ARMCLANG\Bin
C Compiler:      ArmClang.exe V6.15
Assembler:       Armasm.exe V6.15
Linker/Locator:  ArmLink.exe V6.15
Library Manager: ArmAr.exe V6.15
Hex Converter:   FromElf.exe V6.15
CPU DLL:         SARMCM3.DLL V5.33.0.0
Dialog DLL:      DCM.DLL V1.17.3.0
Target DLL:      STLink\ST-LINKIII-KEIL_SWO.dll V3.0.8.0
Dialog DLL:      TCM.DLL V1.48.0.0
 
<h2>Project:</h2>
F:\Mofidi\WORKSPACE\kashefi\SyringeDriver_7seg\SyringeDriver\Firmware\SyringeDriverHW10_Keil\MDK-ARM\SyringeDriverHW10_Keil.uvprojx
Project File Date:  01/09/2024

<h2>Output:</h2>
*** Using Compiler 'V6.15', folder: 'C:\Keil_v5\ARM\ARMCLANG\Bin'
Build target 'SyringeDriverHW10_Keil'
compiling Tones_Pitches.c...
compiling user_pwr.c...
compiling user_keypad.c...
compiling main.c...
linking...
Program Size: Code=15670 RO-data=398 RW-data=268 ZI-data=2196  
FromELF: creating hex file...
"SyringeDriverHW10_Keil\SyringeDriverHW10_Keil.axf" - 0 Error(s), 0 Warning(s).

<h2>Software Packages used:</h2>

Package Vendor: Keil
                http://www.keil.com/pack/Keil.ARM_Compiler.1.6.3.pack
                Keil.ARM_Compiler.1.6.3
                Keil ARM Compiler extensions for ARM Compiler 5 and ARM Compiler 6
   * Component: STDOUT Variant: User Version: 1.2.0

Package Vendor: Keil
                http://www.keil.com/pack/Keil.STM32F1xx_DFP.2.3.0.pack
                Keil.STM32F1xx_DFP.2.3.0
                STMicroelectronics STM32F1 Series Device Support, Drivers and Examples

<h2>Collection of Component include folders:</h2>
  .\RTE\_SyringeDriverHW10_Keil
  C:\Users\Administrator\AppData\Local\Arm\Packs\Keil\STM32F1xx_DFP\2.3.0\Device\Include

<h2>Collection of Component Files used:</h2>

   * Component: Keil.ARM Compiler::Compiler:I/O:STDOUT:User:1.2.0
      Source file:   Template\stdout_USART.c
      Source file:   Template\stdout_display.c
      Source file:   Template\stdout_user.c
      Source file:   Source\retarget_io.c
Build Time Elapsed:  00:00:02
</pre>
</body>
</html>
